Component: ARM Compiler 5.06 update 6 (build 750) Tool: armlink [4d35ed]

==============================================================================

Section Cross References

    startup_stm32f411xe.o(RESET) refers to startup_stm32f411xe.o(STACK) for __initial_sp
    startup_stm32f411xe.o(RESET) refers to startup_stm32f411xe.o(.text) for Reset_Handler
    startup_stm32f411xe.o(RESET) refers to stm32f4xx_it.o(i.NMI_Handler) for NMI_Handler
    startup_stm32f411xe.o(RESET) refers to stm32f4xx_it.o(i.HardFault_Handler) for HardFault_Handler
    startup_stm32f411xe.o(RESET) refers to stm32f4xx_it.o(i.MemManage_Handler) for MemManage_Handler
    startup_stm32f411xe.o(RESET) refers to stm32f4xx_it.o(i.BusFault_Handler) for BusFault_Handler
    startup_stm32f411xe.o(RESET) refers to stm32f4xx_it.o(i.UsageFault_Handler) for UsageFault_Handler
    startup_stm32f411xe.o(RESET) refers to port.o(.emb_text) for SVC_Handler
    startup_stm32f411xe.o(RESET) refers to stm32f4xx_it.o(i.DebugMon_Handler) for DebugMon_Handler
    startup_stm32f411xe.o(RESET) refers to cmsis_os2.o(i.SysTick_Handler) for SysTick_Handler
    startup_stm32f411xe.o(RESET) refers to stm32f4xx_it.o(i.TIM2_IRQHandler) for TIM2_IRQHandler
    startup_stm32f411xe.o(RESET) refers to stm32f4xx_it.o(i.USART2_IRQHandler) for USART2_IRQHandler
    startup_stm32f411xe.o(.text) refers to system_stm32f4xx.o(i.SystemInit) for SystemInit
    startup_stm32f411xe.o(.text) refers to entry.o(.ARM.Collect$$$$00000000) for __main
    link.o(i.Add_Alarm_Link) refers to heap_4.o(i.pvPortMalloc) for pvPortMalloc
    link.o(i.Add_Alarm_Link) refers to link.o(.data) for .data
    link.o(i.Init_Link) refers to heap_4.o(i.pvPortMalloc) for pvPortMalloc
    link.o(i.Init_Link) refers to link.o(.data) for .data
    link.o(i.Link_Alarm_Isset) refers to localtime.o(.text) for localtime
    link.o(i.Link_Alarm_Isset) refers to freertos.o(.data) for gInfo
    link.o(i.Link_Alarm_Isset) refers to link.o(.data) for .data
    link.o(i.Link_Alarm_timeout) refers to localtime.o(.text) for localtime
    link.o(i.Link_Alarm_timeout) refers to freertos.o(.data) for gInfo
    link.o(i.Link_Alarm_timeout) refers to link.o(.data) for .data
    link.o(i.Link_Find_Alarm) refers to link.o(.data) for .data
    esp8266.o(i.ESP8266_Connect_AP) refers to memseta.o(.text) for __aeabi_memclr4
    esp8266.o(i.ESP8266_Connect_AP) refers to printfa.o(i.__0sprintf) for __2sprintf
    esp8266.o(i.ESP8266_Connect_AP) refers to esp8266.o(i.ESP8266_Send_Cmd) for ESP8266_Send_Cmd
    esp8266.o(i.ESP8266_Connect_AP) refers to esp8266.o(i.ESP8266_Response) for ESP8266_Response
    esp8266.o(i.ESP8266_Connect_AP) refers to esp8266.o(i.ESP8266_Refresh_Buffer) for ESP8266_Refresh_Buffer
    esp8266.o(i.ESP8266_Connect_AP) refers to printfa.o(i.__0printf) for __2printf
    esp8266.o(i.ESP8266_Connect_MQTT) refers to memseta.o(.text) for __aeabi_memclr4
    esp8266.o(i.ESP8266_Connect_MQTT) refers to printfa.o(i.__0sprintf) for __2sprintf
    esp8266.o(i.ESP8266_Connect_MQTT) refers to esp8266.o(i.ESP8266_Send_Cmd) for ESP8266_Send_Cmd
    esp8266.o(i.ESP8266_Connect_MQTT) refers to esp8266.o(i.ESP8266_Response) for ESP8266_Response
    esp8266.o(i.ESP8266_Connect_MQTT) refers to esp8266.o(i.ESP8266_Refresh_Buffer) for ESP8266_Refresh_Buffer
    esp8266.o(i.ESP8266_Connect_MQTT) refers to printfa.o(i.__0printf) for __2printf
    esp8266.o(i.ESP8266_Init) refers to stm32f4xx_hal_gpio.o(i.HAL_GPIO_WritePin) for HAL_GPIO_WritePin
    esp8266.o(i.ESP8266_Init) refers to stm32f4xx_hal.o(i.HAL_Delay) for HAL_Delay
    esp8266.o(i.ESP8266_Init) refers to esp8266.o(i.ESP8266_Response) for ESP8266_Response
    esp8266.o(i.ESP8266_Init) refers to esp8266.o(i.ESP8266_SetBaud) for ESP8266_SetBaud
    esp8266.o(i.ESP8266_Init) refers to esp8266.o(i.ESP8266_Send_Cmd) for ESP8266_Send_Cmd
    esp8266.o(i.ESP8266_Init) refers to esp8266.o(i.ESP8266_Refresh_Buffer) for ESP8266_Refresh_Buffer
    esp8266.o(i.ESP8266_MQTTPUB) refers to memseta.o(.text) for __aeabi_memclr4
    esp8266.o(i.ESP8266_MQTTPUB) refers to printfa.o(i.__0sprintf) for __2sprintf
    esp8266.o(i.ESP8266_MQTTPUB) refers to esp8266.o(i.ESP8266_Send_Cmd) for ESP8266_Send_Cmd
    esp8266.o(i.ESP8266_MQTTSUB) refers to memseta.o(.text) for __aeabi_memclr4
    esp8266.o(i.ESP8266_MQTTSUB) refers to printfa.o(i.__0sprintf) for __2sprintf
    esp8266.o(i.ESP8266_MQTTSUB) refers to esp8266.o(i.ESP8266_Send_Cmd) for ESP8266_Send_Cmd
    esp8266.o(i.ESP8266_MQTTSUB) refers to esp8266.o(i.ESP8266_Response) for ESP8266_Response
    esp8266.o(i.ESP8266_MQTTSUB) refers to esp8266.o(i.ESP8266_Refresh_Buffer) for ESP8266_Refresh_Buffer
    esp8266.o(i.ESP8266_MQTTSUB) refers to printfa.o(i.__0printf) for __2printf
    esp8266.o(i.ESP8266_Refresh_Buffer) refers to printfa.o(i.__0printf) for __2printf
    esp8266.o(i.ESP8266_Refresh_Buffer) refers to memseta.o(.text) for __aeabi_memclr
    esp8266.o(i.ESP8266_Refresh_Buffer) refers to esp8266.o(.bss) for .bss
[...]
    xDelayedTaskList2                        0x200009f4   Data          20  tasks.o(.bss)
    xPendingReadyList                        0x20000a08   Data          20  tasks.o(.bss)
    xTasksWaitingTermination                 0x20000a1c   Data          20  tasks.o(.bss)
    xSuspendedTaskList                       0x20000a30   Data          20  tasks.o(.bss)
    .bss                                     0x20000a44   Section      280  timers.o(.bss)
    xStaticTimerQueue                        0x20000a44   Data          80  timers.o(.bss)
    ucStaticTimerQueueStorage                0x20000a94   Data         160  timers.o(.bss)
    xActiveTimerList1                        0x20000b34   Data          20  timers.o(.bss)
    xActiveTimerList2                        0x20000b48   Data          20  timers.o(.bss)
    .bss                                     0x20000b5c   Section     1720  cmsis_os2.o(.bss)
    Idle_TCB                                 0x20000b5c   Data          92  cmsis_os2.o(.bss)
    Idle_Stack                               0x20000bb8   Data         512  cmsis_os2.o(.bss)
    Timer_TCB                                0x20000db8   Data          92  cmsis_os2.o(.bss)
    Timer_Stack                              0x20000e14   Data        1024  cmsis_os2.o(.bss)
    .bss                                     0x20001214   Section    15360  heap_4.o(.bss)
    ucHeap                                   0x20001214   Data       15360  heap_4.o(.bss)
    .bss                                     0x20004e14   Section       44  localtime.o(.bss)
    _tms                                     0x20004e14   Data          44  localtime.o(.bss)
    STACK                                    0x20004e40   Section     1024  startup_stm32f411xe.o(STACK)

    Global Symbols

    Symbol Name                              Value     Ov Type        Size  Object(Section)

    BuildAttributes$$THM_ISAv4$E$P$D$K$B$S$7EM$VFPi3$EXTD16$VFPS$VFMA$PE$A:L22UL41UL21$X:L11$S22US41US21$IEEE1$IW$USESV6$~STKCKD$USESV7$~SHL$OTIME$ROPI$IEEEX$EBA8$MICROLIB$REQ8$PRES8$EABIv2 0x00000000   Number         0  anon$$obj.o ABSOLUTE
    __ARM_use_no_argv                        0x00000000   Number         0  main.o ABSOLUTE
    _printf_a                                0x00000000   Number         0  stubs.o ABSOLUTE
    _printf_c                                0x00000000   Number         0  stubs.o ABSOLUTE
    _printf_charcount                        0x00000000   Number         0  stubs.o ABSOLUTE
    _printf_d                                0x00000000   Number         0  stubs.o ABSOLUTE
    _printf_e                                0x00000000   Number         0  stubs.o ABSOLUTE
    _printf_f                                0x00000000   Number         0  stubs.o ABSOLUTE
    _printf_flags                            0x00000000   Number         0  stubs.o ABSOLUTE
    _printf_fp_dec                           0x00000000   Number         0  stubs.o ABSOLUTE
    _printf_fp_hex                           0x00000000   Number         0  stubs.o ABSOLUTE
    _printf_g                                0x00000000   Number         0  stubs.o ABSOLUTE
    _printf_i                                0x00000000   Number         0  stubs.o ABSOLUTE
    _printf_int_dec                          0x00000000   Number         0  stubs.o ABSOLUTE
    _printf_l                                0x00000000   Number         0  stubs.o ABSOLUTE
    _printf_lc                               0x00000000   Number         0  stubs.o ABSOLUTE
    _printf_ll                               0x00000000   Number         0  stubs.o ABSOLUTE
    _printf_lld                              0x00000000   Number         0  stubs.o ABSOLUTE
    _printf_lli                              0x00000000   Number         0  stubs.o ABSOLUTE
    _printf_llo                              0x00000000   Number         0  stubs.o ABSOLUTE
    _printf_llu                              0x00000000   Number         0  stubs.o ABSOLUTE
    _printf_llx                              0x00000000   Number         0  stubs.o ABSOLUTE
    _printf_longlong_dec                     0x00000000   Number         0  stubs.o ABSOLUTE
    _printf_longlong_hex                     0x00000000   Number         0  stubs.o ABSOLUTE
    _printf_longlong_oct                     0x00000000   Number         0  stubs.o ABSOLUTE
    _printf_ls                               0x00000000   Number         0  stubs.o ABSOLUTE
    _printf_mbtowc                           0x00000000   Number         0  stubs.o ABSOLUTE
    _printf_n                                0x00000000   Number         0  stubs.o ABSOLUTE
    _printf_o                                0x00000000   Number         0  stubs.o ABSOLUTE
    _printf_p                                0x00000000   Number         0  stubs.o ABSOLUTE
    _printf_percent                          0x00000000   Number         0  stubs.o ABSOLUTE
    _printf_pre_padding                      0x00000000   Number         0  stubs.o ABSOLUTE
    _printf_return_value                     0x00000000   Number         0  stubs.o ABSOLUTE
    _printf_s                                0x00000000   Number         0  stubs.o ABSOLUTE
    _printf_sizespec                         0x00000000   Number         0  stubs.o ABSOLUTE
    _printf_str                              0x00000000   Number         0  stubs.o ABSOLUTE
    _printf_truncate_signed                  0x00000000   Number         0  stubs.o ABSOLUTE
    _printf_truncate_unsigned                0x00000000   Number         0  stubs.o ABSOLUTE
    _printf_u                                0x00000000   Number         0  stubs.o ABSOLUTE
    _printf_wc                               0x00000000   Number         0  stubs.o ABSOLUTE
    _printf_wctomb                           0x00000000   Number         0  stubs.o ABSOLUTE
    _printf_widthprec                        0x00000000   Number         0  stubs.o ABSOLUTE
    _printf_x                                0x00000000   Number         0  stubs.o ABSOLUTE
    __cpp_initialize__aeabi_                  - Undefined Weak Reference
    __cxa_finalize                            - Undefined Weak Reference
    __decompress                              - Undefined Weak Reference
    _clock_init                               - Undefined Weak Reference
    _microlib_exit                            - Undefined Weak Reference
    __Vectors_Size                           0x00000198   Number         0  startup_stm32f411xe.o ABSOLUTE
    __Vectors                                0x08000000   Data           4  startup_stm32f411xe.o(RESET)
    __Vectors_End                            0x08000198   Data           0  startup_stm32f411xe.o(RESET)
    __main                                   0x08000199   Thumb Code     0  entry.o(.ARM.Collect$$$$00000000)
    _main_stk                                0x08000199   Thumb Code     0  entry2.o(.ARM.Collect$$$$00000001)
    _main_scatterload                        0x0800019d   Thumb Code     0  entry5.o(.ARM.Collect$$$$00000004)
    __main_after_scatterload                 0x080001a1   Thumb Code     0  entry5.o(.ARM.Collect$$$$00000004)
    _main_clock                              0x080001a1   Thumb Code     0  entry7b.o(.ARM.Collect$$$$00000008)
    _main_cpp_init                           0x080001a1   Thumb Code     0  entry8b.o(.ARM.Collect$$$$0000000A)
    _main_init                               0x080001a1   Thumb Code     0  entry9a.o(.ARM.Collect$$$$0000000B)
    __rt_final_cpp                           0x080001a9   Thumb Code     0  entry10a.o(.ARM.Collect$$$$0000000D)
    __rt_final_exit                          0x080001a9   Thumb Code     0  entry11a.o(.ARM.Collect$$$$0000000F)
    SVC_Handler                              0x080001ad   Thumb Code    28  port.o(.emb_text)
    __asm___6_port_c_39a90d8d__prvStartFirstTask 0x080001cd   Thumb Code    36  port.o(.emb_text)
    __asm___6_port_c_39a90d8d__prvEnableVFP  0x080001f5   Thumb Code    16  port.o(.emb_text)
    PendSV_Handler                           0x08000209   Thumb Code    88  port.o(.emb_text)
    vPortGetIPSR                             0x08000265   Thumb Code     6  port.o(.emb_text)
    Reset_Handler                            0x0800026d   Thumb Code     8  startup_stm32f411xe.o(.text)
    ADC_IRQHandler                           0x08000287   Thumb Code     0  startup_stm32f411xe.o(.text)
    DMA1_Stream0_IRQHandler                  0x08000287   Thumb Code     0  startup_stm32f411xe.o(.text)
    DMA1_Stream1_IRQHandler                  0x08000287   Thumb Code     0  startup_stm32f411xe.o(.text)
    DMA1_Stream2_IRQHandler                  0x08000287   Thumb Code     0  startup_stm32f411xe.o(.text)
    DMA1_Stream3_IRQHandler                  0x08000287   Thumb Code     0  startup_stm32f411xe.o(.text)
    DMA1_Stream4_IRQHandler                  0x08000287   Thumb Code     0  startup_stm32f411xe.o(.text)
    DMA1_Stream5_IRQHandler                  0x08000287   Thumb Code     0  startup_stm32f411xe.o(.text)
    DMA1_Stream6_IRQHandler                  0x08000287   Thumb Code     0  startup_stm32f411xe.o(.text)
    DMA1_Stream7_IRQHandler                  0x08000287   Thumb Code     0  startup_stm32f411xe.o(.text)
    DMA2_Stream0_IRQHandler                  0x08000287   Thumb Code     0  startup_stm32f411xe.o(.text)
    DMA2_Stream1_IRQHandler                  0x08000287   Thumb Code     0  startup_stm32f411xe.o(.text)
    DMA2_Stream2_IRQHandler                  0x08000287   Thumb Code     0  startup_stm32f411xe.o(.text)
    DMA2_Stream3_IRQHandler                  0x08000287   Thumb Code     0  startup_stm32f411xe.o(.text)
    DMA2_Stream4_IRQHandler                  0x08000287   Thumb Code     0  startup_stm32f411xe.o(.text)
    DMA2_Stream5_IRQHandler                  0x08000287   Thumb Code     0  startup_stm32f411xe.o(.text)
    DMA2_Stream6_IRQHandler                  0x08000287   Thumb Code     0  startup_stm32f411xe.o(.text)
    DMA2_Stream7_IRQHandler                  0x08000287   Thumb Code     0  startup_stm32f411xe.o(.text)
    EXTI0_IRQHandler                         0x08000287   Thumb Code     0  startup_stm32f411xe.o(.text)
    EXTI15_10_IRQHandler                     0x08000287   Thumb Code     0  startup_stm32f411xe.o(.text)
    EXTI1_IRQHandler                         0x08000287   Thumb Code     0  startup_stm32f411xe.o(.text)
    EXTI2_IRQHandler                         0x08000287   Thumb Code     0  startup_stm32f411xe.o(.text)
    EXTI3_IRQHandler                         0x08000287   Thumb Code     0  startup_stm32f411xe.o(.text)
    EXTI4_IRQHandler                         0x08000287   Thumb Code     0  startup_stm32f411xe.o(.text)
    EXTI9_5_IRQHandler                       0x08000287   Thumb Code     0  startup_stm32f411xe.o(.text)
    FLASH_IRQHandler                         0x08000287   Thumb Code     0  startup_stm32f411xe.o(.text)
    FPU_IRQHandler                           0x08000287   Thumb Code     0  startup_stm32f411xe.o(.text)
    I2C1_ER_IRQHandler                       0x08000287   Thumb Code     0  startup_stm32f411xe.o(.text)
    I2C1_EV_IRQHandler                       0x08000287   Thumb Code     0  startup_stm32f411xe.o(.text)
    I2C2_ER_IRQHandler                       0x08000287   Thumb Code     0  startup_stm32f411xe.o(.text)
    I2C2_EV_IRQHandler                       0x08000287   Thumb Code     0  startup_stm32f411xe.o(.text)
    I2C3_ER_IRQHandler                       0x08000287   Thumb Code     0  startup_stm32f411xe.o(.text)
    I2C3_EV_IRQHandler                       0x08000287   Thumb Code     0  startup_stm32f411xe.o(.text)
    OTG_FS_IRQHandler                        0x08000287   Thumb Code     0  startup_stm32f411xe.o(.text)
    OTG_FS_WKUP_IRQHandler                   0x08000287   Thumb Code     0  startup_stm32f411xe.o(.text)
    PVD_IRQHandler                           0x08000287   Thumb Code     0  startup_stm32f411xe.o(.text)
    RCC_IRQHandler                           0x08000287   Thumb Code     0  startup_stm32f411xe.o(.text)
    RTC_Alarm_IRQHandler                     0x08000287   Thumb Code     0  startup_stm32f411xe.o(.text)
    RTC_WKUP_IRQHandler                      0x08000287   Thumb Code     0  startup_stm32f411xe.o(.text)
    SDIO_IRQHandler                          0x08000287   Thumb Code     0  startup_stm32f411xe.o(.text)
    SPI1_IRQHandler                          0x08000287   Thumb Code     0  startup_stm32f411xe.o(.text)
    SPI2_IRQHandler                          0x08000287   Thumb Code     0  startup_stm32f411xe.o(.text)
    SPI3_IRQHandler                          0x08000287   Thumb Code     0  startup_stm32f411xe.o(.text)
    SPI4_IRQHandler                          0x08000287   Thumb Code     0  startup_stm32f411xe.o(.text)
    SPI5_IRQHandler                          0x08000287   Thumb Code     0  startup_stm32f411xe.o(.text)
    TAMP_STAMP_IRQHandler                    0x08000287   Thumb Code     0  startup_stm32f411xe.o(.text)
    TIM1_BRK_TIM9_IRQHandler                 0x08000287   Thumb Code     0  startup_stm32f411xe.o(.text)
    TIM1_CC_IRQHandler                       0x08000287   Thumb Code     0  startup_stm32f411xe.o(.text)
    TIM1_TRG_COM_TIM11_IRQHandler            0x08000287   Thumb Code     0  startup_stm32f411xe.o(.text)
    TIM1_UP_TIM10_IRQHandler                 0x08000287   Thumb Code     0  startup_stm32f411xe.o(.text)
    TIM3_IRQHandler                          0x08000287   Thumb Code     0  startup_stm32f411xe.o(.text)
    TIM4_IRQHandler                          0x08000287   Thumb Code     0  startup_stm32f411xe.o(.text)
    TIM5_IRQHandler                          0x08000287   Thumb Code     0  startup_stm32f411xe.o(.text)
    USART1_IRQHandler                        0x08000287   Thumb Code     0  startup_stm32f411xe.o(.text)
    USART6_IRQHandler                        0x08000287   Thumb Code     0  startup_stm32f411xe.o(.text)
    WWDG_IRQHandler                          0x08000287   Thumb Code     0  startup_stm32f411xe.o(.text)
    __aeabi_uldivmod                         0x08000291   Thumb Code    98  uldiv.o(.text)
    tolower                                  0x080002f3   Thumb Code    12  tolower.o(.text)
    localtime                                0x08000301   Thumb Code   138  localtime.o(.text)
    __aeabi_memcpy                           0x08000395   Thumb Code    36  memcpya.o(.text)
    __aeabi_memcpy4                          0x08000395   Thumb Code     0  memcpya.o(.text)
    __aeabi_memcpy8                          0x08000395   Thumb Code     0  memcpya.o(.text)
    __aeabi_memset                           0x080003b9   Thumb Code    14  memseta.o(.text)
    __aeabi_memset4                          0x080003b9   Thumb Code     0  memseta.o(.text)
    __aeabi_memset8                          0x080003b9   Thumb Code     0  memseta.o(.text)
    __aeabi_memclr                           0x080003c7   Thumb Code     4  memseta.o(.text)
    __aeabi_memclr4                          0x080003c7   Thumb Code     0  memseta.o(.text)
    __aeabi_memclr8                          0x080003c7   Thumb Code     0  memseta.o(.text)
    memset                                   0x080003cb   Thumb Code    18  memseta.o(.text)
    strchr                                   0x080003dd   Thumb Code    20  strchr.o(.text)
    strlen                                   0x080003f1   Thumb Code    14  strlen.o(.text)
    strcmp                                   0x080003ff   Thumb Code    28  strcmp.o(.text)
    strcpy                                   0x0800041b   Thumb Code    18  strcpy.o(.text)
    strncmp                                  0x0800042d   Thumb Code    30  strncmp.o(.text)
    atoi                                     0x0800044b   Thumb Code    26  atoi.o(.text)
    __aeabi_dadd                             0x08000465   Thumb Code   322  dadd.o(.text)
    __aeabi_dsub                             0x080005a7   Thumb Code     6  dadd.o(.text)
    __aeabi_drsub                            0x080005ad   Thumb Code     6  dadd.o(.text)
    __aeabi_dmul                             0x080005b3   Thumb Code   228  dmul.o(.text)
    __aeabi_ddiv                             0x08000697   Thumb Code   222  ddiv.o(.text)
    __aeabi_i2d                              0x08000775   Thumb Code    34  dflti.o(.text)
    __aeabi_ui2d                             0x08000797   Thumb Code    26  dfltui.o(.text)
    __aeabi_d2iz                             0x080007b1   Thumb Code    62  dfixi.o(.text)
    __aeabi_d2uiz                            0x080007ef   Thumb Code    50  dfixui.o(.text)
    __aeabi_cdcmpeq                          0x08000821   Thumb Code     0  cdcmple.o(.text)
    __aeabi_cdcmple                          0x08000821   Thumb Code    48  cdcmple.o(.text)
    __aeabi_cdrcmple                         0x08000851   Thumb Code    48  cdrcmple.o(.text)
    __aeabi_uidiv                            0x08000881   Thumb Code     0  uidiv.o(.text)
    __aeabi_uidivmod                         0x08000881   Thumb Code    44  uidiv.o(.text)
    __aeabi_llsl                             0x080008ad   Thumb Code    30  llshl.o(.text)
    _ll_shift_l                              0x080008ad   Thumb Code     0  llshl.o(.text)
    __aeabi_llsr                             0x080008cb   Thumb Code    32  llushr.o(.text)
    _ll_ushift_r                             0x080008cb   Thumb Code     0  llushr.o(.text)
    __aeabi_lasr                             0x080008eb   Thumb Code    36  llsshr.o(.text)
    _ll_sshift_r                             0x080008eb   Thumb Code     0  llsshr.o(.text)
    strtol                                   0x0800090f   Thumb Code   112  strtol.o(.text)
    __I$use$fp                               0x0800097f   Thumb Code     0  iusefp.o(.text)
    _double_round                            0x0800097f   Thumb Code    30  depilogue.o(.text)
    _double_epilogue                         0x0800099d   Thumb Code   156  depilogue.o(.text)
    __ARM_scalbn                             0x08000a39   Thumb Code    46  dscalb.o(.text)
    scalbn                                   0x08000a39   Thumb Code     0  dscalb.o(.text)
    __aeabi_d2ulz                            0x08000a67   Thumb Code    48  dfixul.o(.text)
    __scatterload                            0x08000a99   Thumb Code    28  init.o(.text)
    __scatterload_rt2                        0x08000a99   Thumb Code     0  init.o(.text)
    __rt_ctype_table                         0x08000abd   Thumb Code     4  ctype_o.o(.text)
    _strtoul                                 0x08000ac5   Thumb Code   158  _strtoul.o(.text)
    _dsqrt                                   0x08000b63   Thumb Code   162  dsqrt.o(.text)
    _chval                                   0x08000c05   Thumb Code    28  _chval.o(.text)
    Add_Alarm_Link                           0x08000c21   Thumb Code    66  link.o(i.Add_Alarm_Link)
    BH1750_Data_To_Lx                        0x08000c69   Thumb Code    42  bh1750.o(i.BH1750_Data_To_Lx)
    BH1750_Read_Data                         0x08000c9d   Thumb Code    22  bh1750.o(i.BH1750_Read_Data)
    BH1750_Send_CMD                          0x08000cb9   Thumb Code    24  bh1750.o(i.BH1750_Send_CMD)
    BusFault_Handler                         0x08000cd5   Thumb Code     2  stm32f4xx_it.o(i.BusFault_Handler)
    Buzzer_Callback                          0x08000cd9   Thumb Code    10  freertos.o(i.Buzzer_Callback)
    Buzzer_Start                             0x08000ce9   Thumb Code    28  control.o(i.Buzzer_Start)
    Buzzer_Stop                              0x08000d09   Thumb Code    38  control.o(i.Buzzer_Stop)
    Control_Alarm                            0x08000d39   Thumb Code    44  control.o(i.Control_Alarm)
    Control_Buzzer                           0x08000d71   Thumb Code    40  control.o(i.Control_Buzzer)
    Control_Light                            0x08000da1   Thumb Code    96  control.o(i.Control_Light)
    Control_Menu                             0x08000e15   Thumb Code    60  control.o(i.Control_Menu)
    Control_timer                            0x08000e65   Thumb Code    48  control.o(i.Control_timer)
    DHT11_Read_Bit                           0x08000ea5   Thumb Code    96  dht11.o(i.DHT11_Read_Bit)
    DHT11_Read_Byte                          0x08000f09   Thumb Code    26  dht11.o(i.DHT11_Read_Byte)
    DHT11_Read_Data                          0x08000f25   Thumb Code    70  dht11.o(i.DHT11_Read_Data)
    DHT11_Response                           0x08000f6d   Thumb Code    80  dht11.o(i.DHT11_Response)
    DHT11_Start                              0x08000fc1   Thumb Code    40  dht11.o(i.DHT11_Start)
    Data_Increase_Callback                   0x08000fed   Thumb Code    50  freertos.o(i.Data_Increase_Callback)
    DebugMon_Handler                         0x08001029   Thumb Code     2  stm32f4xx_it.o(i.DebugMon_Handler)
    Delay_US                                 0x0800102b   Thumb Code    48  dht11.o(i.Delay_US)
    ESP8266_Connect_AP                       0x0800105d   Thumb Code    70  esp8266.o(i.ESP8266_Connect_AP)
    ESP8266_Connect_MQTT                     0x080010d5   Thumb Code   128  esp8266.o(i.ESP8266_Connect_MQTT)
    ESP8266_Init                             0x080011d5   Thumb Code    82  esp8266.o(i.ESP8266_Init)
    ESP8266_MQTTPUB                          0x08001249   Thumb Code    40  esp8266.o(i.ESP8266_MQTTPUB)
    ESP8266_MQTTSUB                          0x0800128d   Thumb Code    66  esp8266.o(i.ESP8266_MQTTSUB)
    ESP8266_Send_Cmd                         0x080013a1   Thumb Code    40  esp8266.o(i.ESP8266_Send_Cmd)
    ESP8266_SetBaud                          0x080013d1   Thumb Code    30  esp8266.o(i.ESP8266_SetBaud)
    Error_Handler                            0x080013f9   Thumb Code     4  main.o(i.Error_Handler)
    GetLightTask                             0x080013fd   Thumb Code    74  freertos.o(i.GetLightTask)
    GetTempTask                              0x0800144d   Thumb Code    74  freertos.o(i.GetTempTask)
    Get_Number_Len                           0x0800149d   Thumb Code    26  show.o(i.Get_Number_Len)
    HAL_DMA_Abort                            0x080014b7   Thumb Code   146  stm32f4xx_hal_dma.o(i.HAL_DMA_Abort)
    HAL_DMA_Abort_IT                         0x08001549   Thumb Code    36  stm32f4xx_hal_dma.o(i.HAL_DMA_Abort_IT)
    HAL_Delay                                0x0800156d   Thumb Code    32  stm32f4xx_hal.o(i.HAL_Delay)
    HAL_GPIO_Init                            0x08001591   Thumb Code   446  stm32f4xx_hal_gpio.o(i.HAL_GPIO_Init)
    HAL_GPIO_ReadPin                         0x08001771   Thumb Code    10  stm32f4xx_hal_gpio.o(i.HAL_GPIO_ReadPin)
    HAL_GPIO_TogglePin                       0x0800177b   Thumb Code    16  stm32f4xx_hal_gpio.o(i.HAL_GPIO_TogglePin)
    HAL_GPIO_WritePin                        0x0800178b   Thumb Code    10  stm32f4xx_hal_gpio.o(i.HAL_GPIO_WritePin)
    HAL_GetTick                              0x08001795   Thumb Code     6  stm32f4xx_hal.o(i.HAL_GetTick)
    HAL_I2C_Init                             0x080017a1   Thumb Code   376  stm32f4xx_hal_i2c.o(i.HAL_I2C_Init)
    HAL_I2C_Master_Receive                   0x08001929   Thumb Code   482  stm32f4xx_hal_i2c.o(i.HAL_I2C_Master_Receive)
    HAL_I2C_Master_Transmit                  0x08001b19   Thumb Code   290  stm32f4xx_hal_i2c.o(i.HAL_I2C_Master_Transmit)
    HAL_I2C_Mem_Write                        0x08001c45   Thumb Code   294  stm32f4xx_hal_i2c.o(i.HAL_I2C_Mem_Write)
    HAL_I2C_MspInit                          0x08001d75   Thumb Code    94  i2c.o(i.HAL_I2C_MspInit)
    HAL_IncTick                              0x08001de1   Thumb Code    12  stm32f4xx_hal.o(i.HAL_IncTick)
    HAL_Init                                 0x08001df1   Thumb Code    48  stm32f4xx_hal.o(i.HAL_Init)
    HAL_InitTick                             0x08001e25   Thumb Code   134  stm32f4xx_hal_timebase_tim.o(i.HAL_InitTick)
    HAL_MspInit                              0x08001ebd   Thumb Code    52  stm32f4xx_hal_msp.o(i.HAL_MspInit)
    HAL_NVIC_EnableIRQ                       0x08001ef5   Thumb Code    26  stm32f4xx_hal_cortex.o(i.HAL_NVIC_EnableIRQ)
    HAL_NVIC_SetPriority                     0x08001f11   Thumb Code    60  stm32f4xx_hal_cortex.o(i.HAL_NVIC_SetPriority)
    HAL_NVIC_SetPriorityGrouping             0x08001f51   Thumb Code    26  stm32f4xx_hal_cortex.o(i.HAL_NVIC_SetPriorityGrouping)
    HAL_RCC_ClockConfig                      0x08001f75   Thumb Code   288  stm32f4xx_hal_rcc.o(i.HAL_RCC_ClockConfig)
    HAL_RCC_GetClockConfig                   0x080020a9   Thumb Code    54  stm32f4xx_hal_rcc.o(i.HAL_RCC_GetClockConfig)
    HAL_RCC_GetPCLK1Freq                     0x080020e9   Thumb Code    20  stm32f4xx_hal_rcc.o(i.HAL_RCC_GetPCLK1Freq)
    HAL_RCC_GetPCLK2Freq                     0x08002109   Thumb Code    20  stm32f4xx_hal_rcc.o(i.HAL_RCC_GetPCLK2Freq)
    HAL_RCC_GetSysClockFreq                  0x08002129   Thumb Code    88  stm32f4xx_hal_rcc.o(i.HAL_RCC_GetSysClockFreq)
    HAL_RCC_OscConfig                        0x0800218d   Thumb Code   856  stm32f4xx_hal_rcc.o(i.HAL_RCC_OscConfig)
    HAL_TIMEx_BreakCallback                  0x080024f9   Thumb Code     2  stm32f4xx_hal_tim_ex.o(i.HAL_TIMEx_BreakCallback)
    HAL_TIMEx_CommutCallback                 0x080024fb   Thumb Code     2  stm32f4xx_hal_tim_ex.o(i.HAL_TIMEx_CommutCallback)
    HAL_TIM_Base_Init                        0x080024fd   Thumb Code    90  stm32f4xx_hal_tim.o(i.HAL_TIM_Base_Init)
    HAL_TIM_Base_MspInit                     0x08002557   Thumb Code     2  stm32f4xx_hal_tim.o(i.HAL_TIM_Base_MspInit)
    HAL_TIM_Base_Start_IT                    0x08002559   Thumb Code    88  stm32f4xx_hal_tim.o(i.HAL_TIM_Base_Start_IT)
    HAL_TIM_IC_CaptureCallback               0x080025c5   Thumb Code     2  stm32f4xx_hal_tim.o(i.HAL_TIM_IC_CaptureCallback)
    HAL_TIM_IRQHandler                       0x080025c7   Thumb Code   304  stm32f4xx_hal_tim.o(i.HAL_TIM_IRQHandler)
    HAL_TIM_OC_DelayElapsedCallback          0x080026f7   Thumb Code     2  stm32f4xx_hal_tim.o(i.HAL_TIM_OC_DelayElapsedCallback)
    HAL_TIM_PWM_PulseFinishedCallback        0x080026f9   Thumb Code     2  stm32f4xx_hal_tim.o(i.HAL_TIM_PWM_PulseFinishedCallback)
    HAL_TIM_PeriodElapsedCallback            0x080026fb   Thumb Code    14  main.o(i.HAL_TIM_PeriodElapsedCallback)
    HAL_TIM_TriggerCallback                  0x08002709   Thumb Code     2  stm32f4xx_hal_tim.o(i.HAL_TIM_TriggerCallback)
    HAL_UARTEx_ReceiveToIdle_IT              0x0800270b   Thumb Code    78  stm32f4xx_hal_uart.o(i.HAL_UARTEx_ReceiveToIdle_IT)
    HAL_UARTEx_RxEventCallback               0x08002759   Thumb Code    50  usart.o(i.HAL_UARTEx_RxEventCallback)
    HAL_UART_ErrorCallback                   0x0800279d   Thumb Code     2  stm32f4xx_hal_uart.o(i.HAL_UART_ErrorCallback)
    HAL_UART_IRQHandler                      0x080027a1   Thumb Code   618  stm32f4xx_hal_uart.o(i.HAL_UART_IRQHandler)
    HAL_UART_Init                            0x08002a11   Thumb Code   100  stm32f4xx_hal_uart.o(i.HAL_UART_Init)
    HAL_UART_MspInit                         0x08002a75   Thumb Code   170  usart.o(i.HAL_UART_MspInit)
    HAL_UART_Receive                         0x08002b31   Thumb Code   176  stm32f4xx_hal_uart.o(i.HAL_UART_Receive)
    HAL_UART_RxCpltCallback                  0x08002be1   Thumb Code     2  stm32f4xx_hal_uart.o(i.HAL_UART_RxCpltCallback)
    HAL_UART_Transmit                        0x08002be3   Thumb Code   160  stm32f4xx_hal_uart.o(i.HAL_UART_Transmit)
    HAL_UART_TxCpltCallback                  0x08002c83   Thumb Code     2  stm32f4xx_hal_uart.o(i.HAL_UART_TxCpltCallback)
    HardFault_Handler                        0x08002c85   Thumb Code     2  stm32f4xx_it.o(i.HardFault_Handler)
    Init_Link                                0x08003151   Thumb Code    22  link.o(i.Init_Link)
    Key_Scan                                 0x0800316d   Thumb Code    34  freertos.o(i.Key_Scan)
    Link_Alarm_Isset                         0x08003195   Thumb Code    70  link.o(i.Link_Alarm_Isset)
    Link_Alarm_timeout                       0x080031e5   Thumb Code    52  link.o(i.Link_Alarm_timeout)
    Link_Find_Alarm                          0x08003221   Thumb Code    32  link.o(i.Link_Find_Alarm)
    MX_FREERTOS_Init                         0x08003245   Thumb Code   100  freertos.o(i.MX_FREERTOS_Init)
    MX_GPIO_Init                             0x080032cd   Thumb Code   222  gpio.o(i.MX_GPIO_Init)
    MX_I2C1_Init                             0x080033bd   Thumb Code    50  i2c.o(i.MX_I2C1_Init)
    MX_USART1_UART_Init                      0x080033fd   Thumb Code    48  usart.o(i.MX_USART1_UART_Init)
    MX_USART2_UART_Init                      0x08003435   Thumb Code    46  usart.o(i.MX_USART2_UART_Init)
    MemManage_Handler                        0x08003471   Thumb Code     2  stm32f4xx_it.o(i.MemManage_Handler)
    NMI_Handler                              0x08003473   Thumb Code     2  stm32f4xx_it.o(i.NMI_Handler)
    OLED_Clear                               0x08003475   Thumb Code    52  oled.o(i.OLED_Clear)
    OLED_Clearrow                            0x080034a9   Thumb Code    40  oled.o(i.OLED_Clearrow)
    OLED_Init                                0x080034d1   Thumb Code    16  oled.o(i.OLED_Init)
    OLED_Light_Intcon                        0x080034e1   Thumb Code    46  oled.o(i.OLED_Light_Intcon)
    OLED_Set_Pos                             0x0800350f   Thumb Code    34  oled.o(i.OLED_Set_Pos)
    OLED_ShowChar                            0x08003531   Thumb Code   446  oled.o(i.OLED_ShowChar)
    OLED_ShowChinese                         0x08003701   Thumb Code    70  oled.o(i.OLED_ShowChinese)
    OLED_ShowMenu                            0x0800374d   Thumb Code    96  show.o(i.OLED_ShowMenu)
    OLED_ShowNum                             0x080037bd   Thumb Code   106  oled.o(i.OLED_ShowNum)
    OLED_ShowString                          0x08003827   Thumb Code    54  oled.o(i.OLED_ShowString)
    OLED_ShowTask                            0x0800385d   Thumb Code     4  freertos.o(i.OLED_ShowTask)
    OLED_WR_CMD                              0x08003861   Thumb Code    32  oled.o(i.OLED_WR_CMD)
    OLED_WR_DATA                             0x08003885   Thumb Code    32  oled.o(i.OLED_WR_DATA)
    Parse_Message                            0x080038a9   Thumb Code   208  control.o(i.Parse_Message)
    ReceiveTask                              0x080039a5   Thumb Code    56  freertos.o(i.ReceiveTask)
    Show_Alarm                               0x080039e1   Thumb Code   198  show.o(i.Show_Alarm)
    Show_Environment                         0x08003ab1   Thumb Code   236  show.o(i.Show_Environment)
    Show_timer                               0x08003bb1   Thumb Code   582  show.o(i.Show_timer)
    StartDefaultTask                         0x08003e05   Thumb Code   310  freertos.o(i.StartDefaultTask)
    SysTick_Handler                          0x08003ffd   Thumb Code    26  cmsis_os2.o(i.SysTick_Handler)
    SystemClock_Config                       0x08004019   Thumb Code   136  main.o(i.SystemClock_Config)
    SystemInit                               0x080040a9   Thumb Code    12  system_stm32f4xx.o(i.SystemInit)
    TIM2_IRQHandler                          0x080040b9   Thumb Code     6  stm32f4xx_it.o(i.TIM2_IRQHandler)
    TIM_Base_SetConfig                       0x080040c5   Thumb Code   136  stm32f4xx_hal_tim.o(i.TIM_Base_SetConfig)
    UART_Start_Receive_IT                    0x08004395   Thumb Code    54  stm32f4xx_hal_uart.o(i.UART_Start_Receive_IT)
    USART2_IRQHandler                        0x0800443d   Thumb Code    24  stm32f4xx_it.o(i.USART2_IRQHandler)
    UploadHandle                             0x0800445d   Thumb Code   192  upload.o(i.UploadHandle)
    Upload_Task                              0x08004549   Thumb Code    16  freertos.o(i.Upload_Task)
    UsageFault_Handler                       0x08004559   Thumb Code     2  stm32f4xx_it.o(i.UsageFault_Handler)
    WriteCmd                                 0x0800455d   Thumb Code    42  oled.o(i.WriteCmd)
    __0printf                                0x08004591   Thumb Code    22  printfa.o(i.__0printf)
    __1printf                                0x08004591   Thumb Code     0  printfa.o(i.__0printf)
    __2printf                                0x08004591   Thumb Code     0  printfa.o(i.__0printf)
    __c89printf                              0x08004591   Thumb Code     0  printfa.o(i.__0printf)
    printf                                   0x08004591   Thumb Code     0  printfa.o(i.__0printf)
    __0sprintf                               0x080045b1   Thumb Code    34  printfa.o(i.__0sprintf)
    __1sprintf                               0x080045b1   Thumb Code     0  printfa.o(i.__0sprintf)
    __2sprintf                               0x080045b1   Thumb Code     0  printfa.o(i.__0sprintf)
    __c89sprintf                             0x080045b1   Thumb Code     0  printfa.o(i.__0sprintf)
    sprintf                                  0x080045b1   Thumb Code     0  printfa.o(i.__0sprintf)
    __ARM_fpclassify                         0x080045d9   Thumb Code    48  fpclassify.o(i.__ARM_fpclassify)
    __aeabi_errno_addr                       0x08004629   Thumb Code     4  errno.o(i.__aeabi_errno_addr)
    __rt_errno_addr                          0x08004629   Thumb Code     0  errno.o(i.__aeabi_errno_addr)
    __hardfp_fabs                            0x08004631   Thumb Code    20  fabs.o(i.__hardfp_fabs)
    __hardfp_floor                           0x08004649   Thumb Code   252  floor.o(i.__hardfp_floor)
    __hardfp_pow                             0x08004761   Thumb Code  3072  pow.o(i.__hardfp_pow)
    __kernel_poly                            0x080053b1   Thumb Code   248  poly.o(i.__kernel_poly)
    __mathlib_dbl_divzero                    0x080054a9   Thumb Code    28  dunder.o(i.__mathlib_dbl_divzero)
    __mathlib_dbl_infnan2                    0x080054d9   Thumb Code    20  dunder.o(i.__mathlib_dbl_infnan2)
    __mathlib_dbl_invalid                    0x080054f1   Thumb Code    24  dunder.o(i.__mathlib_dbl_invalid)
    __mathlib_dbl_overflow                   0x08005511   Thumb Code    24  dunder.o(i.__mathlib_dbl_overflow)
    __mathlib_dbl_underflow                  0x08005531   Thumb Code    24  dunder.o(i.__mathlib_dbl_underflow)
    __scatterload_copy                       0x08005551   Thumb Code    14  handlers.o(i.__scatterload_copy)
    __scatterload_null                       0x0800555f   Thumb Code     2  handlers.o(i.__scatterload_null)
    __scatterload_zeroinit                   0x08005561   Thumb Code    14  handlers.o(i.__scatterload_zeroinit)
    __set_errno                              0x08005571   Thumb Code     6  errno.o(i.__set_errno)
    cJSON_AddItemToArray                     0x08005e39   Thumb Code    28  cjson.o(i.cJSON_AddItemToArray)
    cJSON_AddItemToObject                    0x08005e55   Thumb Code    42  cjson.o(i.cJSON_AddItemToObject)
    cJSON_CreateNumber                       0x08005e85   Thumb Code    48  cjson.o(i.cJSON_CreateNumber)
    cJSON_CreateObject                       0x08005eb5   Thumb Code    16  cjson.o(i.cJSON_CreateObject)
    cJSON_Delete                             0x08005ec5   Thumb Code    66  cjson.o(i.cJSON_Delete)
    cJSON_GetObjectItem                      0x08005f0d   Thumb Code    28  cjson.o(i.cJSON_GetObjectItem)
    cJSON_Parse                              0x08005f45   Thumb Code     8  cjson.o(i.cJSON_Parse)
    cJSON_ParseWithOpts                      0x08005f4d   Thumb Code    92  cjson.o(i.cJSON_ParseWithOpts)
    cJSON_Print                              0x08005fad   Thumb Code    10  cjson.o(i.cJSON_Print)
    fabs                                     0x08006095   Thumb Code    24  fabs.o(i.fabs)
    fputc                                    0x080060ad   Thumb Code    20  usart.o(i.fputc)
    main                                     0x080060c5   Thumb Code    42  main.o(i.main)
    oled_pow                                 0x080060ef   Thumb Code    16  oled.o(i.oled_pow)
    osDelay                                  0x080060ff   Thumb Code    26  cmsis_os2.o(i.osDelay)
    osKernelInitialize                       0x08006119   Thumb Code    32  cmsis_os2.o(i.osKernelInitialize)
    osKernelStart                            0x0800613d   Thumb Code    48  cmsis_os2.o(i.osKernelStart)
    osThreadNew                              0x08006175   Thumb Code   138  cmsis_os2.o(i.osThreadNew)
    pvPortMalloc                             0x080078f9   Thumb Code   216  heap_4.o(i.pvPortMalloc)
    pvTaskIncrementMutexHeldCount            0x080079d5   Thumb Code    18  tasks.o(i.pvTaskIncrementMutexHeldCount)
    pxPortInitialiseStack                    0x080079ed   Thumb Code    40  port.o(i.pxPortInitialiseStack)
    sqrt                                     0x08007a2d   Thumb Code   110  sqrt.o(i.sqrt)
    uxListRemove                             0x08007ab7   Thumb Code    38  list.o(i.uxListRemove)
    vApplicationGetIdleTaskMemory            0x08007add   Thumb Code    16  cmsis_os2.o(i.vApplicationGetIdleTaskMemory)
    vApplicationGetTimerTaskMemory           0x08007af1   Thumb Code    18  cmsis_os2.o(i.vApplicationGetTimerTaskMemory)
    vListInitialise                          0x08007b09   Thumb Code    22  list.o(i.vListInitialise)
    vListInitialiseItem                      0x08007b1f   Thumb Code     6  list.o(i.vListInitialiseItem)
    vListInsert                              0x08007b25   Thumb Code    48  list.o(i.vListInsert)
    vListInsertEnd                           0x08007b55   Thumb Code    24  list.o(i.vListInsertEnd)
    vPortEnterCritical                       0x08007b6d   Thumb Code    54  port.o(i.vPortEnterCritical)
    vPortExitCritical                        0x08007bad   Thumb Code    34  port.o(i.vPortExitCritical)
    vPortFree                                0x08007bd5   Thumb Code    94  heap_4.o(i.vPortFree)
    vPortSetupTimerInterrupt                 0x08007c39   Thumb Code    32  port.o(i.vPortSetupTimerInterrupt)
    vPortValidateInterruptPriority           0x08007c5d   Thumb Code    74  port.o(i.vPortValidateInterruptPriority)
    vQueueAddToRegistry                      0x08007cb1   Thumb Code    34  queue.o(i.vQueueAddToRegistry)
    vQueueWaitForMessageRestricted           0x08007cd9   Thumb Code    68  queue.o(i.vQueueWaitForMessageRestricted)
    vTaskDelay                               0x08007d1d   Thumb Code    66  tasks.o(i.vTaskDelay)
    vTaskInternalSetTimeOutState             0x08007d69   Thumb Code    12  tasks.o(i.vTaskInternalSetTimeOutState)
    vTaskMissedYield                         0x08007d79   Thumb Code     8  tasks.o(i.vTaskMissedYield)
    vTaskPlaceOnEventList                    0x08007d85   Thumb Code    44  tasks.o(i.vTaskPlaceOnEventList)
    vTaskPlaceOnEventListRestricted          0x08007db5   Thumb Code    52  tasks.o(i.vTaskPlaceOnEventListRestricted)
    vTaskPriorityDisinheritAfterTimeout      0x08007ded   Thumb Code   134  tasks.o(i.vTaskPriorityDisinheritAfterTimeout)
    vTaskStartScheduler                      0x08007e7d   Thumb Code   118  tasks.o(i.vTaskStartScheduler)
    vTaskSuspendAll                          0x08007f05   Thumb Code    10  tasks.o(i.vTaskSuspendAll)
    vTaskSwitchContext                       0x08007f15   Thumb Code    90  tasks.o(i.vTaskSwitchContext)
    xPortStartScheduler                      0x08007f79   Thumb Code   222  port.o(i.xPortStartScheduler)
    xPortSysTickHandler                      0x0800806d   Thumb Code    38  port.o(i.xPortSysTickHandler)
    xQueueGenericCreate                      0x08008099   Thumb Code    66  queue.o(i.xQueueGenericCreate)
    xQueueGenericCreateStatic                0x080080db   Thumb Code   102  queue.o(i.xQueueGenericCreateStatic)
    xQueueGenericReset                       0x08008141   Thumb Code   132  queue.o(i.xQueueGenericReset)
    xQueueGenericSend                        0x080081c9   Thumb Code   346  queue.o(i.xQueueGenericSend)
    xQueueGenericSendFromISR                 0x08008329   Thumb Code   190  queue.o(i.xQueueGenericSendFromISR)
    xQueueReceive                            0x080083e9   Thumb Code   308  queue.o(i.xQueueReceive)
    xQueueSemaphoreTake                      0x08008521   Thumb Code   372  queue.o(i.xQueueSemaphoreTake)
    xTaskCheckForTimeOut                     0x08008699   Thumb Code   112  tasks.o(i.xTaskCheckForTimeOut)
    xTaskCreate                              0x0800870d   Thumb Code    90  tasks.o(i.xTaskCreate)
    xTaskCreateStatic                        0x08008767   Thumb Code    86  tasks.o(i.xTaskCreateStatic)
    xTaskGetSchedulerState                   0x080087bd   Thumb Code    22  tasks.o(i.xTaskGetSchedulerState)
    xTaskGetTickCount                        0x080087d9   Thumb Code     6  tasks.o(i.xTaskGetTickCount)
    xTaskIncrementTick                       0x080087e5   Thumb Code   192  tasks.o(i.xTaskIncrementTick)
    xTaskPriorityDisinherit                  0x080088ad   Thumb Code   118  tasks.o(i.xTaskPriorityDisinherit)
    xTaskPriorityInherit                     0x0800892d   Thumb Code   112  tasks.o(i.xTaskPriorityInherit)
    xTaskRemoveFromEventList                 0x080089a5   Thumb Code    98  tasks.o(i.xTaskRemoveFromEventList)
    xTaskResumeAll                           0x08008a15   Thumb Code   182  tasks.o(i.xTaskResumeAll)
    xTimerCreate                             0x08008ad9   Thumb Code    52  timers.o(i.xTimerCreate)
    xTimerCreateTimerTask                    0x08008b0d   Thumb Code    78  timers.o(i.xTimerCreateTimerTask)
    xTimerGenericCommand                     0x08008b6d   Thumb Code    98  timers.o(i.xTimerGenericCommand)
    ReceiveTask_attributes                   0x08008bd4   Data          36  freertos.o(.constdata)
    TempTask_attributes                      0x08008bf8   Data          36  freertos.o(.constdata)
    LightTask_attributes                     0x08008c1c   Data          36  freertos.o(.constdata)
    OLEDTask_attributes                      0x08008c40   Data          36  freertos.o(.constdata)
    UploadTask_attributes                    0x08008c64   Data          36  freertos.o(.constdata)
    defaultTask_attributes                   0x08008c88   Data          36  freertos.o(.constdata)
    F6x8                                     0x08008cb3   Data         552  oled.o(.constdata)
    F8x16                                    0x08008edb   Data        1520  oled.o(.constdata)
    F20X40                                   0x080094cb   Data        2700  oled.o(.constdata)
    F16X32                                   0x08009f57   Data        1792  oled.o(.constdata)
    Hzk                                      0x0800a657   Data        1792  oled.o(.constdata)
    AHBPrescTable                            0x0800ad57   Data          16  system_stm32f4xx.o(.constdata)
    APBPrescTable                            0x0800ad67   Data           8  system_stm32f4xx.o(.constdata)
    __mathlib_zero                           0x0800ae08   Data           8  qnan.o(.constdata)
    __ctype_table                            0x0800ae10   Data         129  ctype_o.o(.constdata)
    Region$$Table$$Base                      0x0800aee0   Number         0  anon$$obj.o(Region$$Table)
    Region$$Table$$Limit                     0x0800af00   Number         0  anon$$obj.o(Region$$Table)
    minFlag                                  0x20000000   Data           1  link.o(.data)
    pxAlarmHead                              0x20000004   Data           4  link.o(.data)
    g_Index                                  0x20000008   Data           2  esp8266.o(.data)
    curMenu                                  0x2000000c   Data           1  show.o(.data)
    preInfo                                  0x20000010   Data           8  show.o(.data)
    pretime                                  0x20000018   Data           8  show.o(.data)
    gMenu                                    0x20000020   Data           1  freertos.o(.data)
    gBuzzer                                  0x20000021   Data           1  freertos.o(.data)
    uartHanldle                              0x20000024   Data           4  freertos.o(.data)
    semHandle                                0x20000028   Data           4  freertos.o(.data)
    dataTimerHand                            0x2000002c   Data           4  freertos.o(.data)
    BuzTimerHand                             0x20000030   Data           4  freertos.o(.data)
    ReceiveTaskHandle                        0x20000034   Data           4  freertos.o(.data)
    TempTaskHandle                           0x20000038   Data           4  freertos.o(.data)
    LightTaskHandle                          0x2000003c   Data           4  freertos.o(.data)
    OLEDTaskHandle                           0x20000040   Data           4  freertos.o(.data)
    UploadTaskHandle                         0x20000044   Data           4  freertos.o(.data)
    defaultTaskHandle                        0x20000048   Data           4  freertos.o(.data)
    gInfo                                    0x2000004c   Data           8  freertos.o(.data)
    CMD_Data                                 0x20000060   Data          27  oled.o(.data)
    uwTickFreq                               0x2000007c   Data           1  stm32f4xx_hal.o(.data)
    uwTickPrio                               0x20000080   Data           4  stm32f4xx_hal.o(.data)
    uwTick                                   0x20000084   Data           4  stm32f4xx_hal.o(.data)
    SystemCoreClock                          0x20000088   Data           4  system_stm32f4xx.o(.data)
    pxCurrentTCB                             0x2000008c   Data           4  tasks.o(.data)
    __stdout                                 0x2000010c   Data           4  stdout.o(.data)
    g_UART_Buf                               0x20000114   Data         512  esp8266.o(.bss)
    gUartBuf                                 0x20000314   Data         256  freertos.o(.bss)
    hi2c1                                    0x20000414   Data          84  i2c.o(.bss)
    huart1                                   0x20000468   Data          72  usart.o(.bss)
    huart2                                   0x200004b0   Data          72  usart.o(.bss)
    htim2                                    0x200004f8   Data          72  stm32f4xx_hal_timebase_tim.o(.bss)
    xQueueRegistry                           0x20000540   Data          64  queue.o(.bss)
    __initial_sp                             0x20005240   Data           0  startup_stm32f411xe.o(STACK)



==============================================================================

Memory Map of the image

  Image Entry point : 0x08000199

  Load Region LR_IROM1 (Base: 0x08000000, Size: 0x0000b014, Max: 0x00080000, ABSOLUTE)

    Execution Region ER_IROM1 (Exec base: 0x08000000, Load base: 0x08000000, Size: 0x0000af00, Max: 0x00080000, ABSOLUTE)

    Exec Addr    Load Addr    Size         Type   Attr      Idx    E Section Name        Object

    0x08000000   0x08000000   0x00000198   Data   RO            3    RESET               startup_stm32f411xe.o
    0x08000198   0x08000198   0x00000000   Code   RO         6467  * .ARM.Collect$$$$00000000  mc_w.l(entry.o)
    0x08000198   0x08000198   0x00000004   Code   RO         6838    .ARM.Collect$$$$00000001  mc_w.l(entry2.o)
    0x0800019c   0x0800019c   0x00000004   Code   RO         6841    .ARM.Collect$$$$00000004  mc_w.l(entry5.o)
    0x080001a0   0x080001a0   0x00000000   Code   RO         6843    .ARM.Collect$$$$00000008  mc_w.l(entry7b.o)
    0x080001a0   0x080001a0   0x00000000   Code   RO         6845    .ARM.Collect$$$$0000000A  mc_w.l(entry8b.o)
    0x080001a0   0x080001a0   0x00000008   Code   RO         6846    .ARM.Collect$$$$0000000B  mc_w.l(entry9a.o)
    0x080001a8   0x080001a8   0x00000000   Code   RO         6848    .ARM.Collect$$$$0000000D  mc_w.l(entry10a.o)
    0x080001a8   0x080001a8   0x00000000   Code   RO         6850    .ARM.Collect$$$$0000000F  mc_w.l(entry11a.o)
    0x080001a8   0x080001a8   0x00000004   Code   RO         6839    .ARM.Collect$$$$00002712  mc_w.l(entry2.o)
    0x080001ac   0x080001ac   0x000000be   Code   RO         6364    .emb_text           port.o
    0x0800026a   0x0800026a   0x00000002   PAD
    0x0800026c   0x0800026c   0x00000024   Code   RO            4    .text               startup_stm32f411xe.o
    0x08000290   0x08000290   0x00000062   Code   RO         6470    .text               mc_w.l(uldiv.o)
    0x080002f2   0x080002f2   0x0000000c   Code   RO         6472    .text               mc_w.l(tolower.o)
    0x080002fe   0x080002fe   0x00000002   PAD
    0x08000300   0x08000300   0x00000094   Code   RO         6474    .text               mc_w.l(localtime.o)
    0x08000394   0x08000394   0x00000024   Code   RO         6478    .text               mc_w.l(memcpya.o)
    0x080003b8   0x080003b8   0x00000024   Code   RO         6482    .text               mc_w.l(memseta.o)
    0x080003dc   0x080003dc   0x00000014   Code   RO         6484    .text               mc_w.l(strchr.o)
    0x080003f0   0x080003f0   0x0000000e   Code   RO         6486    .text               mc_w.l(strlen.o)
    0x080003fe   0x080003fe   0x0000001c   Code   RO         6488    .text               mc_w.l(strcmp.o)
    0x0800041a   0x0800041a   0x00000012   Code   RO         6490    .text               mc_w.l(strcpy.o)
    0x0800042c   0x0800042c   0x0000001e   Code   RO         6492    .text               mc_w.l(strncmp.o)
    0x0800044a   0x0800044a   0x0000001a   Code   RO         6785    .text               mc_w.l(atoi.o)
    0x08000464   0x08000464   0x0000014e   Code   RO         6787    .text               mf_w.l(dadd.o)
    0x080005b2   0x080005b2   0x000000e4   Code   RO         6789    .text               mf_w.l(dmul.o)
    0x08000696   0x08000696   0x000000de   Code   RO         6791    .text               mf_w.l(ddiv.o)
    0x08000774   0x08000774   0x00000022   Code   RO         6793    .text               mf_w.l(dflti.o)
    0x08000796   0x08000796   0x0000001a   Code   RO         6795    .text               mf_w.l(dfltui.o)
    0x080007b0   0x080007b0   0x0000003e   Code   RO         6797    .text               mf_w.l(dfixi.o)
    0x080007ee   0x080007ee   0x00000032   Code   RO         6799    .text               mf_w.l(dfixui.o)
    0x08000820   0x08000820   0x00000030   Code   RO         6803    .text               mf_w.l(cdcmple.o)
    0x08000850   0x08000850   0x00000030   Code   RO         6805    .text               mf_w.l(cdrcmple.o)
    0x08000880   0x08000880   0x0000002c   Code   RO         6853    .text               mc_w.l(uidiv.o)
    0x080008ac   0x080008ac   0x0000001e   Code   RO         6855    .text               mc_w.l(llshl.o)
    0x080008ca   0x080008ca   0x00000020   Code   RO         6857    .text               mc_w.l(llushr.o)
    0x080008ea   0x080008ea   0x00000024   Code   RO         6859    .text               mc_w.l(llsshr.o)
    0x0800090e   0x0800090e   0x00000070   Code   RO         6870    .text               mc_w.l(strtol.o)
    0x0800097e   0x0800097e   0x00000000   Code   RO         6872    .text               mc_w.l(iusefp.o)
    0x0800097e   0x0800097e   0x000000ba   Code   RO         6873    .text               mf_w.l(depilogue.o)
    0x08000a38   0x08000a38   0x0000002e   Code   RO         6877    .text               mf_w.l(dscalb.o)
    0x08000a66   0x08000a66   0x00000030   Code   RO         6879    .text               mf_w.l(dfixul.o)
    0x08000a96   0x08000a96   0x00000002   PAD
    0x08000a98   0x08000a98   0x00000024   Code   RO         6881    .text               mc_w.l(init.o)
    0x08000abc   0x08000abc   0x00000008   Code   RO         6883    .text               mc_w.l(ctype_o.o)
    0x08000ac4   0x08000ac4   0x0000009e   Code   RO         6911    .text               mc_w.l(_strtoul.o)
    0x08000b62   0x08000b62   0x000000a2   Code   RO         6913    .text               mf_w.l(dsqrt.o)
    0x08000c04   0x08000c04   0x0000001c   Code   RO         6915    .text               mc_w.l(_chval.o)
    0x08000c20   0x08000c20   0x00000048   Code   RO           13    i.Add_Alarm_Link    link.o
    0x08000c68   0x08000c68   0x00000034   Code   RO          981    i.BH1750_Data_To_Lx  bh1750.o
    0x08000c9c   0x08000c9c   0x0000001c   Code   RO          982    i.BH1750_Read_Data  bh1750.o
    0x08000cb8   0x08000cb8   0x0000001c   Code   RO          983    i.BH1750_Send_CMD   bh1750.o
    0x08000cd4   0x08000cd4   0x00000002   Code   RO          848    i.BusFault_Handler  stm32f4xx_it.o
    0x08000cd6   0x08000cd6   0x00000002   PAD
    0x08000cd8   0x08000cd8   0x00000010   Code   RO          644    i.Buzzer_Callback   freertos.o
    0x08000ce8   0x08000ce8   0x00000020   Code   RO          463    i.Buzzer_Start      control.o
    0x08000d08   0x08000d08   0x00000030   Code   RO          464    i.Buzzer_Stop       control.o
    0x08000d38   0x08000d38   0x00000038   Code   RO          465    i.Control_Alarm     control.o
    0x08000d70   0x08000d70   0x00000030   Code   RO          466    i.Control_Buzzer    control.o
    0x08000da0   0x08000da0   0x00000074   Code   RO          467    i.Control_Light     control.o
    0x08000e14   0x08000e14   0x00000050   Code   RO          468    i.Control_Menu      control.o
    0x08000e64   0x08000e64   0x00000040   Code   RO          469    i.Control_timer     control.o
    0x08000ea4   0x08000ea4   0x00000064   Code   RO         1392    i.DHT11_Read_Bit    dht11.o
    0x08000f08   0x08000f08   0x0000001a   Code   RO         1393    i.DHT11_Read_Byte   dht11.o
    0x08000f22   0x08000f22   0x00000002   PAD
    0x08000f24   0x08000f24   0x00000046   Code   RO         1394    i.DHT11_Read_Data   dht11.o
    0x08000f6a   0x08000f6a   0x00000002   PAD
    0x08000f6c   0x08000f6c   0x00000054   Code   RO         1395    i.DHT11_Response    dht11.o
    0x08000fc0   0x08000fc0   0x0000002c   Code   RO         1396    i.DHT11_Start       dht11.o
    0x08000fec   0x08000fec   0x0000003c   Code   RO          645    i.Data_Increase_Callback  freertos.o
    0x08001028   0x08001028   0x00000002   Code   RO          849    i.DebugMon_Handler  stm32f4xx_it.o
    0x0800102a   0x0800102a   0x00000030   Code   RO         1397    i.Delay_US          dht11.o
    0x0800105a   0x0800105a   0x00000002   PAD
    0x0800105c   0x0800105c   0x00000078   Code   RO          199    i.ESP8266_Connect_AP  esp8266.o
    0x080010d4   0x080010d4   0x00000100   Code   RO          200    i.ESP8266_Connect_MQTT  esp8266.o
    0x080011d4   0x080011d4   0x00000074   Code   RO          201    i.ESP8266_Init      esp8266.o
    0x08001248   0x08001248   0x00000044   Code   RO          202    i.ESP8266_MQTTPUB   esp8266.o
    0x0800128c   0x0800128c   0x00000074   Code   RO          203    i.ESP8266_MQTTSUB   esp8266.o
    0x08001300   0x08001300   0x00000030   Code   RO          204    i.ESP8266_Refresh_Buffer  esp8266.o
    0x08001330   0x08001330   0x00000070   Code   RO          205    i.ESP8266_Response  esp8266.o
    0x080013a0   0x080013a0   0x00000030   Code   RO          206    i.ESP8266_Send_Cmd  esp8266.o
    0x080013d0   0x080013d0   0x00000028   Code   RO          207    i.ESP8266_SetBaud   esp8266.o
    0x080013f8   0x080013f8   0x00000004   Code   RO          561    i.Error_Handler     main.o
    0x080013fc   0x080013fc   0x00000050   Code   RO          646    i.GetLightTask      freertos.o
    0x0800144c   0x0800144c   0x00000050   Code   RO          647    i.GetTempTask       freertos.o
    0x0800149c   0x0800149c   0x0000001a   Code   RO          379    i.Get_Number_Len    show.o
    0x080014b6   0x080014b6   0x00000092   Code   RO         2119    i.HAL_DMA_Abort     stm32f4xx_hal_dma.o
    0x08001548   0x08001548   0x00000024   Code   RO         2120    i.HAL_DMA_Abort_IT  stm32f4xx_hal_dma.o
    0x0800156c   0x0800156c   0x00000024   Code   RO         2580    i.HAL_Delay         stm32f4xx_hal.o
    0x08001590   0x08001590   0x000001e0   Code   RO         2012    i.HAL_GPIO_Init     stm32f4xx_hal_gpio.o
    0x08001770   0x08001770   0x0000000a   Code   RO         2014    i.HAL_GPIO_ReadPin  stm32f4xx_hal_gpio.o
    0x0800177a   0x0800177a   0x00000010   Code   RO         2015    i.HAL_GPIO_TogglePin  stm32f4xx_hal_gpio.o
    0x0800178a   0x0800178a   0x0000000a   Code   RO         2016    i.HAL_GPIO_WritePin  stm32f4xx_hal_gpio.o
    0x08001794   0x08001794   0x0000000c   Code   RO         2586    i.HAL_GetTick       stm32f4xx_hal.o
    0x080017a0   0x080017a0   0x00000188   Code   RO         2842    i.HAL_I2C_Init      stm32f4xx_hal_i2c.o
    0x08001928   0x08001928   0x000001f0   Code   RO         2848    i.HAL_I2C_Master_Receive  stm32f4xx_hal_i2c.o
    0x08001b18   0x08001b18   0x0000012c   Code   RO         2855    i.HAL_I2C_Master_Transmit  stm32f4xx_hal_i2c.o
    0x08001c44   0x08001c44   0x00000130   Code   RO         2863    i.HAL_I2C_Mem_Write  stm32f4xx_hal_i2c.o
    0x08001d74   0x08001d74   0x0000006c   Code   RO          746    i.HAL_I2C_MspInit   i2c.o
    0x08001de0   0x08001de0   0x00000010   Code   RO         2592    i.HAL_IncTick       stm32f4xx_hal.o
    0x08001df0   0x08001df0   0x00000034   Code   RO         2593    i.HAL_Init          stm32f4xx_hal.o
    0x08001e24   0x08001e24   0x00000098   Code   RO          942    i.HAL_InitTick      stm32f4xx_hal_timebase_tim.o
    0x08001ebc   0x08001ebc   0x00000038   Code   RO          918    i.HAL_MspInit       stm32f4xx_hal_msp.o
    0x08001ef4   0x08001ef4   0x0000001a   Code   RO         2428    i.HAL_NVIC_EnableIRQ  stm32f4xx_hal_cortex.o
    0x08001f0e   0x08001f0e   0x00000002   PAD
    0x08001f10   0x08001f10   0x00000040   Code   RO         2434    i.HAL_NVIC_SetPriority  stm32f4xx_hal_cortex.o
    0x08001f50   0x08001f50   0x00000024   Code   RO         2435    i.HAL_NVIC_SetPriorityGrouping  stm32f4xx_hal_cortex.o
    0x08001f74   0x08001f74   0x00000134   Code   RO         1604    i.HAL_RCC_ClockConfig  stm32f4xx_hal_rcc.o
    0x080020a8   0x080020a8   0x00000040   Code   RO         1608    i.HAL_RCC_GetClockConfig  stm32f4xx_hal_rcc.o
    0x080020e8   0x080020e8   0x00000020   Code   RO         1611    i.HAL_RCC_GetPCLK1Freq  stm32f4xx_hal_rcc.o
    0x08002108   0x08002108   0x00000020   Code   RO         1612    i.HAL_RCC_GetPCLK2Freq  stm32f4xx_hal_rcc.o
    0x08002128   0x08002128   0x00000064   Code   RO         1613    i.HAL_RCC_GetSysClockFreq  stm32f4xx_hal_rcc.o
    0x0800218c   0x0800218c   0x0000036c   Code   RO         1616    i.HAL_RCC_OscConfig  stm32f4xx_hal_rcc.o
    0x080024f8   0x080024f8   0x00000002   Code   RO         4004    i.HAL_TIMEx_BreakCallback  stm32f4xx_hal_tim_ex.o
    0x080024fa   0x080024fa   0x00000002   Code   RO         4005    i.HAL_TIMEx_CommutCallback  stm32f4xx_hal_tim_ex.o
    0x080024fc   0x080024fc   0x0000005a   Code   RO         3300    i.HAL_TIM_Base_Init  stm32f4xx_hal_tim.o
    0x08002556   0x08002556   0x00000002   Code   RO         3302    i.HAL_TIM_Base_MspInit  stm32f4xx_hal_tim.o
    0x08002558   0x08002558   0x0000006c   Code   RO         3305    i.HAL_TIM_Base_Start_IT  stm32f4xx_hal_tim.o
    0x080025c4   0x080025c4   0x00000002   Code   RO         3334    i.HAL_TIM_IC_CaptureCallback  stm32f4xx_hal_tim.o
    0x080025c6   0x080025c6   0x00000130   Code   RO         3348    i.HAL_TIM_IRQHandler  stm32f4xx_hal_tim.o
    0x080026f6   0x080026f6   0x00000002   Code   RO         3351    i.HAL_TIM_OC_DelayElapsedCallback  stm32f4xx_hal_tim.o
    0x080026f8   0x080026f8   0x00000002   Code   RO         3378    i.HAL_TIM_PWM_PulseFinishedCallback  stm32f4xx_hal_tim.o
    0x080026fa   0x080026fa   0x0000000e   Code   RO          562    i.HAL_TIM_PeriodElapsedCallback  main.o
    0x08002708   0x08002708   0x00000002   Code   RO         3391    i.HAL_TIM_TriggerCallback  stm32f4xx_hal_tim.o
    0x0800270a   0x0800270a   0x0000004e   Code   RO         4282    i.HAL_UARTEx_ReceiveToIdle_IT  stm32f4xx_hal_uart.o
    0x08002758   0x08002758   0x00000044   Code   RO          787    i.HAL_UARTEx_RxEventCallback  usart.o
    0x0800279c   0x0800279c   0x00000002   Code   RO         4297    i.HAL_UART_ErrorCallback  stm32f4xx_hal_uart.o
    0x0800279e   0x0800279e   0x00000002   PAD
    0x080027a0   0x080027a0   0x00000270   Code   RO         4300    i.HAL_UART_IRQHandler  stm32f4xx_hal_uart.o
    0x08002a10   0x08002a10   0x00000064   Code   RO         4301    i.HAL_UART_Init     stm32f4xx_hal_uart.o
    0x08002a74   0x08002a74   0x000000bc   Code   RO          789    i.HAL_UART_MspInit  usart.o
    0x08002b30   0x08002b30   0x000000b0   Code   RO         4304    i.HAL_UART_Receive  stm32f4xx_hal_uart.o
    0x08002be0   0x08002be0   0x00000002   Code   RO         4307    i.HAL_UART_RxCpltCallback  stm32f4xx_hal_uart.o
    0x08002be2   0x08002be2   0x000000a0   Code   RO         4309    i.HAL_UART_Transmit  stm32f4xx_hal_uart.o
    0x08002c82   0x08002c82   0x00000002   Code   RO         4312    i.HAL_UART_TxCpltCallback  stm32f4xx_hal_uart.o
    0x08002c84   0x08002c84   0x00000002   Code   RO          850    i.HardFault_Handler  stm32f4xx_it.o
    0x08002c86   0x08002c86   0x0000002e   Code   RO         2885    i.I2C_IsAcknowledgeFailed  stm32f4xx_hal_i2c.o
    0x08002cb4   0x08002cb4   0x000000ec   Code   RO         2888    i.I2C_MasterRequestRead  stm32f4xx_hal_i2c.o
    0x08002da0   0x08002da0   0x0000009c   Code   RO         2889    i.I2C_MasterRequestWrite  stm32f4xx_hal_i2c.o
    0x08002e3c   0x08002e3c   0x000000a8   Code   RO         2896    i.I2C_RequestMemoryWrite  stm32f4xx_hal_i2c.o
    0x08002ee4   0x08002ee4   0x00000056   Code   RO         2900    i.I2C_WaitOnBTFFlagUntilTimeout  stm32f4xx_hal_i2c.o
    0x08002f3a   0x08002f3a   0x00000002   PAD
    0x08002f3c   0x08002f3c   0x00000090   Code   RO         2901    i.I2C_WaitOnFlagUntilTimeout  stm32f4xx_hal_i2c.o
    0x08002fcc   0x08002fcc   0x000000bc   Code   RO         2902    i.I2C_WaitOnMasterAddressFlagUntilTimeout  stm32f4xx_hal_i2c.o
    0x08003088   0x08003088   0x00000070   Code   RO         2903    i.I2C_WaitOnRXNEFlagUntilTimeout  stm32f4xx_hal_i2c.o
    0x080030f8   0x080030f8   0x00000056   Code   RO         2904    i.I2C_WaitOnTXEFlagUntilTimeout  stm32f4xx_hal_i2c.o
    0x0800314e   0x0800314e   0x00000002   PAD
    0x08003150   0x08003150   0x0000001c   Code   RO           14    i.Init_Link         link.o
    0x0800316c   0x0800316c   0x00000028   Code   RO          648    i.Key_Scan          freertos.o
    0x08003194   0x08003194   0x00000050   Code   RO           15    i.Link_Alarm_Isset  link.o
    0x080031e4   0x080031e4   0x0000003c   Code   RO           16    i.Link_Alarm_timeout  link.o
    0x08003220   0x08003220   0x00000024   Code   RO           17    i.Link_Find_Alarm   link.o
    0x08003244   0x08003244   0x00000088   Code   RO          649    i.MX_FREERTOS_Init  freertos.o
    0x080032cc   0x080032cc   0x000000f0   Code   RO          620    i.MX_GPIO_Init      gpio.o
    0x080033bc   0x080033bc   0x00000040   Code   RO          747    i.MX_I2C1_Init      i2c.o
    0x080033fc   0x080033fc   0x00000038   Code   RO          790    i.MX_USART1_UART_Init  usart.o
    0x08003434   0x08003434   0x0000003c   Code   RO          791    i.MX_USART2_UART_Init  usart.o
    0x08003470   0x08003470   0x00000002   Code   RO          851    i.MemManage_Handler  stm32f4xx_it.o
    0x08003472   0x08003472   0x00000002   Code   RO          852    i.NMI_Handler       stm32f4xx_it.o
    0x08003474   0x08003474   0x00000034   Code   RO         1448    i.OLED_Clear        oled.o
    0x080034a8   0x080034a8   0x00000028   Code   RO         1449    i.OLED_Clearrow     oled.o
    0x080034d0   0x080034d0   0x00000010   Code   RO         1452    i.OLED_Init         oled.o
    0x080034e0   0x080034e0   0x0000002e   Code   RO         1453    i.OLED_Light_Intcon  oled.o
    0x0800350e   0x0800350e   0x00000022   Code   RO         1455    i.OLED_Set_Pos      oled.o
    0x08003530   0x08003530   0x000001d0   Code   RO         1456    i.OLED_ShowChar     oled.o
    0x08003700   0x08003700   0x0000004c   Code   RO         1457    i.OLED_ShowChinese  oled.o
    0x0800374c   0x0800374c   0x00000070   Code   RO          380    i.OLED_ShowMenu     show.o
    0x080037bc   0x080037bc   0x0000006a   Code   RO         1458    i.OLED_ShowNum      oled.o
    0x08003826   0x08003826   0x00000036   Code   RO         1459    i.OLED_ShowString   oled.o
    0x0800385c   0x0800385c   0x00000004   Code   RO          650    i.OLED_ShowTask     freertos.o
    0x08003860   0x08003860   0x00000024   Code   RO         1460    i.OLED_WR_CMD       oled.o
    0x08003884   0x08003884   0x00000024   Code   RO         1461    i.OLED_WR_DATA      oled.o
    0x080038a8   0x080038a8   0x000000fc   Code   RO          470    i.Parse_Message     control.o
    0x080039a4   0x080039a4   0x0000003c   Code   RO          651    i.ReceiveTask       freertos.o
    0x080039e0   0x080039e0   0x000000d0   Code   RO          381    i.Show_Alarm        show.o
    0x08003ab0   0x08003ab0   0x00000100   Code   RO          382    i.Show_Environment  show.o
    0x08003bb0   0x08003bb0   0x00000254   Code   RO          383    i.Show_timer        show.o
    0x08003e04   0x08003e04   0x000001f8   Code   RO          652    i.StartDefaultTask  freertos.o
    0x08003ffc   0x08003ffc   0x0000001a   Code   RO         5792    i.SysTick_Handler   cmsis_os2.o
    0x08004016   0x08004016   0x00000002   PAD
    0x08004018   0x08004018   0x00000090   Code   RO          563    i.SystemClock_Config  main.o
    0x080040a8   0x080040a8   0x00000010   Code   RO         4635    i.SystemInit        system_stm32f4xx.o
    0x080040b8   0x080040b8   0x0000000c   Code   RO          853    i.TIM2_IRQHandler   stm32f4xx_it.o
    0x080040c4   0x080040c4   0x000000a4   Code   RO         3393    i.TIM_Base_SetConfig  stm32f4xx_hal_tim.o
    0x08004168   0x08004168   0x00000010   Code   RO         4314    i.UART_DMAAbortOnError  stm32f4xx_hal_uart.o
    0x08004178   0x08004178   0x0000004e   Code   RO         4324    i.UART_EndRxTransfer  stm32f4xx_hal_uart.o
    0x080041c6   0x080041c6   0x000000c2   Code   RO         4326    i.UART_Receive_IT   stm32f4xx_hal_uart.o
    0x08004288   0x08004288   0x0000010c   Code   RO         4327    i.UART_SetConfig    stm32f4xx_hal_uart.o
    0x08004394   0x08004394   0x00000036   Code   RO         4329    i.UART_Start_Receive_IT  stm32f4xx_hal_uart.o
    0x080043ca   0x080043ca   0x00000072   Code   RO         4330    i.UART_WaitOnFlagUntilTimeout  stm32f4xx_hal_uart.o
    0x0800443c   0x0800443c   0x00000020   Code   RO          854    i.USART2_IRQHandler  stm32f4xx_it.o
    0x0800445c   0x0800445c   0x000000ec   Code   RO         1575    i.UploadHandle      upload.o
    0x08004548   0x08004548   0x00000010   Code   RO          653    i.Upload_Task       freertos.o
    0x08004558   0x08004558   0x00000002   Code   RO          855    i.UsageFault_Handler  stm32f4xx_it.o
    0x0800455a   0x0800455a   0x00000002   PAD
    0x0800455c   0x0800455c   0x00000034   Code   RO         1462    i.WriteCmd          oled.o
    0x08004590   0x08004590   0x00000020   Code   RO         6729    i.__0printf         mc_w.l(printfa.o)
    0x080045b0   0x080045b0   0x00000028   Code   RO         6731    i.__0sprintf        mc_w.l(printfa.o)
    0x080045d8   0x080045d8   0x00000030   Code   RO         6821    i.__ARM_fpclassify  m_wm.l(fpclassify.o)
    0x08004608   0x08004608   0x00000020   Code   RO         2441    i.__NVIC_SetPriority  stm32f4xx_hal_cortex.o
    0x08004628   0x08004628   0x00000008   Code   RO         6863    i.__aeabi_errno_addr  mc_w.l(errno.o)
    0x08004630   0x08004630   0x00000014   Code   RO         6441    i.__hardfp_fabs     m_wm.l(fabs.o)
    0x08004644   0x08004644   0x00000004   PAD
    0x08004648   0x08004648   0x00000118   Code   RO         6447    i.__hardfp_floor    m_wm.l(floor.o)
    0x08004760   0x08004760   0x00000c50   Code   RO         6453    i.__hardfp_pow      m_wm.l(pow.o)
    0x080053b0   0x080053b0   0x000000f8   Code   RO         6823    i.__kernel_poly     m_wm.l(poly.o)
    0x080054a8   0x080054a8   0x00000030   Code   RO         6807    i.__mathlib_dbl_divzero  m_wm.l(dunder.o)
    0x080054d8   0x080054d8   0x00000014   Code   RO         6809    i.__mathlib_dbl_infnan2  m_wm.l(dunder.o)
    0x080054ec   0x080054ec   0x00000004   PAD
    0x080054f0   0x080054f0   0x00000020   Code   RO         6810    i.__mathlib_dbl_invalid  m_wm.l(dunder.o)
    0x08005510   0x08005510   0x00000020   Code   RO         6811    i.__mathlib_dbl_overflow  m_wm.l(dunder.o)
    0x08005530   0x08005530   0x00000020   Code   RO         6813    i.__mathlib_dbl_underflow  m_wm.l(dunder.o)
    0x08005550   0x08005550   0x0000000e   Code   RO         6919    i.__scatterload_copy  mc_w.l(handlers.o)
    0x0800555e   0x0800555e   0x00000002   Code   RO         6920    i.__scatterload_null  mc_w.l(handlers.o)
    0x08005560   0x08005560   0x0000000e   Code   RO         6921    i.__scatterload_zeroinit  mc_w.l(handlers.o)
    0x0800556e   0x0800556e   0x00000002   PAD
    0x08005570   0x08005570   0x0000000c   Code   RO         6865    i.__set_errno       mc_w.l(errno.o)
    0x0800557c   0x0800557c   0x00000184   Code   RO         6736    i._fp_digits        mc_w.l(printfa.o)
    0x08005700   0x08005700   0x000006dc   Code   RO         6737    i._printf_core      mc_w.l(printfa.o)
    0x08005ddc   0x08005ddc   0x00000024   Code   RO         6738    i._printf_post_padding  mc_w.l(printfa.o)
    0x08005e00   0x08005e00   0x0000002e   Code   RO         6739    i._printf_pre_padding  mc_w.l(printfa.o)
    0x08005e2e   0x08005e2e   0x0000000a   Code   RO         6741    i._sputc            mc_w.l(printfa.o)
    0x08005e38   0x08005e38   0x0000001c   Code   RO         1023    i.cJSON_AddItemToArray  cjson.o
    0x08005e54   0x08005e54   0x00000030   Code   RO         1024    i.cJSON_AddItemToObject  cjson.o
    0x08005e84   0x08005e84   0x00000030   Code   RO         1033    i.cJSON_CreateNumber  cjson.o
    0x08005eb4   0x08005eb4   0x00000010   Code   RO         1034    i.cJSON_CreateObject  cjson.o
    0x08005ec4   0x08005ec4   0x00000048   Code   RO         1038    i.cJSON_Delete      cjson.o
    0x08005f0c   0x08005f0c   0x0000001c   Code   RO         1047    i.cJSON_GetObjectItem  cjson.o
    0x08005f28   0x08005f28   0x0000001c   Code   RO         1051    i.cJSON_New_Item    cjson.o
    0x08005f44   0x08005f44   0x00000008   Code   RO         1052    i.cJSON_Parse       cjson.o
    0x08005f4c   0x08005f4c   0x00000060   Code   RO         1053    i.cJSON_ParseWithOpts  cjson.o
    0x08005fac   0x08005fac   0x0000000a   Code   RO         1054    i.cJSON_Print       cjson.o
    0x08005fb6   0x08005fb6   0x00000042   Code   RO         1059    i.cJSON_strcasecmp  cjson.o
    0x08005ff8   0x08005ff8   0x0000002c   Code   RO         1060    i.cJSON_strdup      cjson.o
    0x08006024   0x08006024   0x00000070   Code   RO         1062    i.ensure            cjson.o
    0x08006094   0x08006094   0x00000018   Code   RO         6443    i.fabs              m_wm.l(fabs.o)
    0x080060ac   0x080060ac   0x00000018   Code   RO          792    i.fputc             usart.o
    0x080060c4   0x080060c4   0x0000002a   Code   RO          564    i.main              main.o
    0x080060ee   0x080060ee   0x00000010   Code   RO         1464    i.oled_pow          oled.o
    0x080060fe   0x080060fe   0x0000001a   Code   RO         5794    i.osDelay           cmsis_os2.o
    0x08006118   0x08006118   0x00000024   Code   RO         5808    i.osKernelInitialize  cmsis_os2.o
    0x0800613c   0x0800613c   0x00000038   Code   RO         5811    i.osKernelStart     cmsis_os2.o
    0x08006174   0x08006174   0x0000008a   Code   RO         5853    i.osThreadNew       cmsis_os2.o
    0x080061fe   0x080061fe   0x00000002   PAD
    0x08006200   0x08006200   0x0000008c   Code   RO         1063    i.parse_array       cjson.o
    0x0800628c   0x0800628c   0x000000a6   Code   RO         1064    i.parse_hex4        cjson.o
    0x08006332   0x08006332   0x00000002   PAD
    0x08006334   0x08006334   0x00000194   Code   RO         1065    i.parse_number      cjson.o
    0x080064c8   0x080064c8   0x000000d4   Code   RO         1066    i.parse_object      cjson.o
    0x0800659c   0x0800659c   0x00000180   Code   RO         1067    i.parse_string      cjson.o
    0x0800671c   0x0800671c   0x000000b4   Code   RO         1068    i.parse_value       cjson.o
    0x080067d0   0x080067d0   0x000001d0   Code   RO         1069    i.print_array       cjson.o
    0x080069a0   0x080069a0   0x000001c8   Code   RO         1070    i.print_number      cjson.o
    0x08006b68   0x08006b68   0x00000374   Code   RO         1071    i.print_object      cjson.o
    0x08006edc   0x08006edc   0x00000006   Code   RO         1072    i.print_string      cjson.o
    0x08006ee2   0x08006ee2   0x00000002   PAD
    0x08006ee4   0x08006ee4   0x00000174   Code   RO         1073    i.print_string_ptr  cjson.o
    0x08007058   0x08007058   0x000000bc   Code   RO         1074    i.print_value       cjson.o
    0x08007114   0x08007114   0x0000005c   Code   RO         5253    i.prvAddCurrentTaskToDelayedList  tasks.o
    0x08007170   0x08007170   0x000000d0   Code   RO         5254    i.prvAddNewTaskToReadyList  tasks.o
    0x08007240   0x08007240   0x00000058   Code   RO         5618    i.prvCheckForValidListAndQueue  timers.o
    0x08007298   0x08007298   0x00000026   Code   RO         4856    i.prvCopyDataFromQueue  queue.o
    0x080072be   0x080072be   0x0000006c   Code   RO         4857    i.prvCopyDataToQueue  queue.o
    0x0800732a   0x0800732a   0x00000034   Code   RO         5255    i.prvDeleteTCB      tasks.o
    0x0800735e   0x0800735e   0x00000002   PAD
    0x08007360   0x08007360   0x0000004c   Code   RO         6309    i.prvHeapInit       heap_4.o
    0x080073ac   0x080073ac   0x00000060   Code   RO         5256    i.prvIdleTask       tasks.o
    0x0800740c   0x0800740c   0x00000022   Code   RO         4859    i.prvInitialiseNewQueue  queue.o
    0x0800742e   0x0800742e   0x00000002   PAD
    0x08007430   0x08007430   0x000000b0   Code   RO         5257    i.prvInitialiseNewTask  tasks.o
    0x080074e0   0x080074e0   0x0000004e   Code   RO         5619    i.prvInitialiseNewTimer  timers.o
    0x0800752e   0x0800752e   0x00000002   PAD
    0x08007530   0x08007530   0x0000004c   Code   RO         6310    i.prvInsertBlockIntoFreeList  heap_4.o
    0x0800757c   0x0800757c   0x00000038   Code   RO         5620    i.prvInsertTimerInActiveList  timers.o
    0x080075b4   0x080075b4   0x0000001c   Code   RO         4860    i.prvIsQueueEmpty   queue.o
    0x080075d0   0x080075d0   0x000000fc   Code   RO         5621    i.prvProcessReceivedCommands  timers.o
    0x080076cc   0x080076cc   0x000000c0   Code   RO         5622    i.prvProcessTimerOrBlockTask  timers.o
    0x0800778c   0x0800778c   0x00000020   Code   RO         5259    i.prvResetNextTaskUnblockTime  tasks.o
    0x080077ac   0x080077ac   0x00000028   Code   RO         5623    i.prvSampleTimeNow  timers.o
    0x080077d4   0x080077d4   0x0000006c   Code   RO         5624    i.prvSwitchTimerLists  timers.o
    0x08007840   0x08007840   0x00000028   Code   RO         6365    i.prvTaskExitError  port.o
    0x08007868   0x08007868   0x00000024   Code   RO         5625    i.prvTimerTask      timers.o
    0x0800788c   0x0800788c   0x0000006a   Code   RO         4861    i.prvUnlockQueue    queue.o
    0x080078f6   0x080078f6   0x00000002   PAD
    0x080078f8   0x080078f8   0x000000dc   Code   RO         6311    i.pvPortMalloc      heap_4.o
    0x080079d4   0x080079d4   0x00000018   Code   RO         5262    i.pvTaskIncrementMutexHeldCount  tasks.o
    0x080079ec   0x080079ec   0x0000002c   Code   RO         6366    i.pxPortInitialiseStack  port.o
    0x08007a18   0x08007a18   0x00000014   Code   RO         1075    i.skip              cjson.o
    0x08007a2c   0x08007a2c   0x0000006e   Code   RO         6828    i.sqrt              m_wm.l(sqrt.o)
    0x08007a9a   0x08007a9a   0x0000001c   Code   RO         1076    i.update            cjson.o
    0x08007ab6   0x08007ab6   0x00000026   Code   RO         4816    i.uxListRemove      list.o
    0x08007adc   0x08007adc   0x00000014   Code   RO         5865    i.vApplicationGetIdleTaskMemory  cmsis_os2.o
    0x08007af0   0x08007af0   0x00000018   Code   RO         5866    i.vApplicationGetTimerTaskMemory  cmsis_os2.o
    0x08007b08   0x08007b08   0x00000016   Code   RO         4817    i.vListInitialise   list.o
    0x08007b1e   0x08007b1e   0x00000006   Code   RO         4818    i.vListInitialiseItem  list.o
    0x08007b24   0x08007b24   0x00000030   Code   RO         4819    i.vListInsert       list.o
    0x08007b54   0x08007b54   0x00000018   Code   RO         4820    i.vListInsertEnd    list.o
    0x08007b6c   0x08007b6c   0x00000040   Code   RO         6368    i.vPortEnterCritical  port.o
    0x08007bac   0x08007bac   0x00000028   Code   RO         6369    i.vPortExitCritical  port.o
    0x08007bd4   0x08007bd4   0x00000064   Code   RO         6312    i.vPortFree         heap_4.o
    0x08007c38   0x08007c38   0x00000024   Code   RO         6370    i.vPortSetupTimerInterrupt  port.o
    0x08007c5c   0x08007c5c   0x00000054   Code   RO         6371    i.vPortValidateInterruptPriority  port.o
    0x08007cb0   0x08007cb0   0x00000028   Code   RO         4867    i.vQueueAddToRegistry  queue.o
    0x08007cd8   0x08007cd8   0x00000044   Code   RO         4871    i.vQueueWaitForMessageRestricted  queue.o
    0x08007d1c   0x08007d1c   0x0000004c   Code   RO         5272    i.vTaskDelay        tasks.o
    0x08007d68   0x08007d68   0x00000010   Code   RO         5277    i.vTaskInternalSetTimeOutState  tasks.o
    0x08007d78   0x08007d78   0x0000000c   Code   RO         5278    i.vTaskMissedYield  tasks.o
    0x08007d84   0x08007d84   0x00000030   Code   RO         5280    i.vTaskPlaceOnEventList  tasks.o
    0x08007db4   0x08007db4   0x00000038   Code   RO         5281    i.vTaskPlaceOnEventListRestricted  tasks.o
    0x08007dec   0x08007dec   0x00000090   Code   RO         5283    i.vTaskPriorityDisinheritAfterTimeout  tasks.o
    0x08007e7c   0x08007e7c   0x00000088   Code   RO         5289    i.vTaskStartScheduler  tasks.o
    0x08007f04   0x08007f04   0x00000010   Code   RO         5291    i.vTaskSuspendAll   tasks.o
    0x08007f14   0x08007f14   0x00000064   Code   RO         5292    i.vTaskSwitchContext  tasks.o
    0x08007f78   0x08007f78   0x000000f4   Code   RO         6372    i.xPortStartScheduler  port.o
    0x0800806c   0x0800806c   0x0000002c   Code   RO         6373    i.xPortSysTickHandler  port.o
    0x08008098   0x08008098   0x00000042   Code   RO         4876    i.xQueueGenericCreate  queue.o
    0x080080da   0x080080da   0x00000066   Code   RO         4877    i.xQueueGenericCreateStatic  queue.o
    0x08008140   0x08008140   0x00000088   Code   RO         4878    i.xQueueGenericReset  queue.o
    0x080081c8   0x080081c8   0x00000160   Code   RO         4879    i.xQueueGenericSend  queue.o
    0x08008328   0x08008328   0x000000be   Code   RO         4880    i.xQueueGenericSendFromISR  queue.o
    0x080083e6   0x080083e6   0x00000002   PAD
    0x080083e8   0x080083e8   0x00000138   Code   RO         4889    i.xQueueReceive     queue.o
    0x08008520   0x08008520   0x00000178   Code   RO         4891    i.xQueueSemaphoreTake  queue.o
    0x08008698   0x08008698   0x00000074   Code   RO         5294    i.xTaskCheckForTimeOut  tasks.o
    0x0800870c   0x0800870c   0x0000005a   Code   RO         5295    i.xTaskCreate       tasks.o
    0x08008766   0x08008766   0x00000056   Code   RO         5296    i.xTaskCreateStatic  tasks.o
    0x080087bc   0x080087bc   0x0000001c   Code   RO         5300    i.xTaskGetSchedulerState  tasks.o
    0x080087d8   0x080087d8   0x0000000c   Code   RO         5301    i.xTaskGetTickCount  tasks.o
    0x080087e4   0x080087e4   0x000000c8   Code   RO         5303    i.xTaskIncrementTick  tasks.o
    0x080088ac   0x080088ac   0x00000080   Code   RO         5306    i.xTaskPriorityDisinherit  tasks.o
    0x0800892c   0x0800892c   0x00000078   Code   RO         5307    i.xTaskPriorityInherit  tasks.o
    0x080089a4   0x080089a4   0x00000070   Code   RO         5308    i.xTaskRemoveFromEventList  tasks.o
    0x08008a14   0x08008a14   0x000000c4   Code   RO         5309    i.xTaskResumeAll    tasks.o
    0x08008ad8   0x08008ad8   0x00000034   Code   RO         5632    i.xTimerCreate      timers.o
    0x08008b0c   0x08008b0c   0x00000060   Code   RO         5634    i.xTimerCreateTimerTask  timers.o
    0x08008b6c   0x08008b6c   0x00000068   Code   RO         5635    i.xTimerGenericCommand  timers.o
    0x08008bd4   0x08008bd4   0x000000d8   Data   RO          655    .constdata          freertos.o
    0x08008cac   0x08008cac   0x00000007   Data   RO         1077    .constdata          cjson.o
    0x08008cb3   0x08008cb3   0x000020a4   Data   RO         1465    .constdata          oled.o
    0x0800ad57   0x0800ad57   0x00000010   Data   RO         4636    .constdata          system_stm32f4xx.o
    0x0800ad67   0x0800ad67   0x00000008   Data   RO         4637    .constdata          system_stm32f4xx.o
    0x0800ad6f   0x0800ad6f   0x00000001   PAD
    0x0800ad70   0x0800ad70   0x00000088   Data   RO         6456    .constdata          m_wm.l(pow.o)
    0x0800adf8   0x0800adf8   0x0000000c   Data   RO         6476    .constdata          mc_w.l(localtime.o)
    0x0800ae04   0x0800ae04   0x00000004   PAD
    0x0800ae08   0x0800ae08   0x00000008   Data   RO         6825    .constdata          m_wm.l(qnan.o)
    0x0800ae10   0x0800ae10   0x00000081   Data   RO         6884    .constdata          mc_w.l(ctype_o.o)
    0x0800ae91   0x0800ae91   0x00000003   PAD
    0x0800ae94   0x0800ae94   0x00000004   Data   RO         6885    .constdata          mc_w.l(ctype_o.o)
    0x0800ae98   0x0800ae98   0x00000048   Data   RO          656    .conststring        freertos.o
    0x0800aee0   0x0800aee0   0x00000020   Data   RO         6917    Region$$Table       anon$$obj.o


    Execution Region RW_IRAM1 (Exec base: 0x20000000, Load base: 0x0800af00, Size: 0x00005240, Max: 0x00020000, ABSOLUTE)

    Exec Addr    Load Addr    Size         Type   Attr      Idx    E Section Name        Object

    0x20000000   0x0800af00   0x00000008   Data   RW           18    .data               link.o
    0x20000008   0x0800af08   0x00000002   Data   RW          209    .data               esp8266.o
    0x2000000a   0x0800af0a   0x00000002   PAD
    0x2000000c   0x0800af0c   0x00000014   Data   RW          384    .data               show.o
    0x20000020   0x0800af20   0x00000034   Data   RW          657    .data               freertos.o
    0x20000054   0x0800af54   0x0000000c   Data   RW         1078    .data               cjson.o
    0x20000060   0x0800af60   0x0000001b   Data   RW         1466    .data               oled.o
    0x2000007b   0x0800af7b   0x00000001   PAD
    0x2000007c   0x0800af7c   0x0000000c   Data   RW         2600    .data               stm32f4xx_hal.o
    0x20000088   0x0800af88   0x00000004   Data   RW         4638    .data               system_stm32f4xx.o
    0x2000008c   0x0800af8c   0x0000003c   Data   RW         5312    .data               tasks.o
    0x200000c8   0x0800afc8   0x00000014   Data   RW         5643    .data               timers.o
    0x200000dc   0x0800afdc   0x00000004   Data   RW         5868    .data               cmsis_os2.o
    0x200000e0   0x0800afe0   0x00000020   Data   RW         6318    .data               heap_4.o
    0x20000100   0x0800b000   0x0000000c   Data   RW         6374    .data               port.o
    0x2000010c   0x0800b00c   0x00000004   Data   RW         6852    .data               mc_w.l(stdout.o)
    0x20000110   0x0800b010   0x00000004   Data   RW         6866    .data               mc_w.l(errno.o)
    0x20000114        -       0x00000200   Zero   RW          208    .bss                esp8266.o
    0x20000314        -       0x00000100   Zero   RW          654    .bss                freertos.o
    0x20000414        -       0x00000054   Zero   RW          748    .bss                i2c.o
    0x20000468        -       0x00000090   Zero   RW          793    .bss                usart.o
    0x200004f8        -       0x00000048   Zero   RW          945    .bss                stm32f4xx_hal_timebase_tim.o
    0x20000540        -       0x00000040   Zero   RW         4893    .bss                queue.o
    0x20000580        -       0x000004c4   Zero   RW         5311    .bss                tasks.o
    0x20000a44        -       0x00000118   Zero   RW         5642    .bss                timers.o
    0x20000b5c        -       0x000006b8   Zero   RW         5867    .bss                cmsis_os2.o
    0x20001214        -       0x00003c00   Zero   RW         6317    .bss                heap_4.o
    0x20004e14        -       0x0000002c   Zero   RW         6475    .bss                mc_w.l(localtime.o)
    0x20004e40        -       0x00000400   Zero   RW            1    STACK               startup_stm32f411xe.o


==============================================================================

Image component sizes


      Code (inc. data)   RO Data    RW Data    ZI Data      Debug   Object Name

       108         20          0          0          0       1941   bh1750.o
      4508        282          7         12          0      29813   cjson.o
       326         22          0          4       1720      65423   cmsis_os2.o
       696        134          0          0          0      12188   control.o
         0          0          0          0          0       2652   croutine.o
       372         12          0          0          0       4217   dht11.o
       924        338          0          2        512     431680   esp8266.o
         0          0          0          0          0      19544   event_groups.o
       996        268        288         52        256       7567   freertos.o
       240         18          0          0          0       1003   gpio.o
       472         24          0         32      15360       4959   heap_4.o
       172         28          0          0         84       1737   i2c.o
       276         34          0          8          0     430185   link.o
       138          0          0          0          0       3634   list.o
       204          8          0          0          0       2748   main.o
      1028         42       8356         27          0       9603   oled.o
       786         82          0         12          0      11681   port.o
      1956         24          0          0         64      20488   queue.o
      1198         60          0         20          0      15350   show.o
        36          8        408          0       1024        852   startup_stm32f411xe.o
       116         18          0         12          0       8682   stm32f4xx_hal.o
       158         14          0          0          0      33106   stm32f4xx_hal_cortex.o
       182          0          0          0          0       2147   stm32f4xx_hal_dma.o
       516         34          0          0          0       3552   stm32f4xx_hal_gpio.o
      2714         68          0          0          0      15350   stm32f4xx_hal_i2c.o
        56          4          0          0          0        898   stm32f4xx_hal_msp.o
      1412         86          0          0          0       6001   stm32f4xx_hal_rcc.o
       676         48          0          0          0       7624   stm32f4xx_hal_tim.o
         4          0          0          0          0       1677   stm32f4xx_hal_tim_ex.o
       152         18          0          0         72       1523   stm32f4xx_hal_timebase_tim.o
      1868         16          0          0          0      12968   stm32f4xx_hal_uart.o
        56         14          0          0          0       3879   stm32f4xx_it.o
        16          4         24          4          0       1175   system_stm32f4xx.o
      2372        192          0         60       1220      29913   tasks.o
      1102         80          0         20        280      34318   timers.o
       236         44          0          0          0       2781   upload.o
       396         62          0          0        144       3895   usart.o

    ----------------------------------------------------------------------
     26506       2106       9116        268      20736    1246754   Object Totals
         0          0         32          0          0          0   (incl. Generated)
        38          0          1          3          0          0   (incl. Padding)

    ----------------------------------------------------------------------

      Code (inc. data)   RO Data    RW Data    ZI Data      Debug   Library Member Name

       164         44          0          0          0        620   dunder.o
        44          0          0          0          0        248   fabs.o
       280         28          0          0          0        156   floor.o
        48          0          0          0          0        124   fpclassify.o
       248          0          0          0          0        152   poly.o
      3152        296        136          0          0        352   pow.o
         0          0          8          0          0          0   qnan.o
       110          0          0          0          0        148   sqrt.o
        28          0          0          0          0         68   _chval.o
       158          0          0          0          0         92   _strtoul.o
        26          0          0          0          0         80   atoi.o
         8          4        133          0          0         68   ctype_o.o
         0          0          0          0          0          0   entry.o
         0          0          0          0          0          0   entry10a.o
         0          0          0          0          0          0   entry11a.o
         8          4          0          0          0          0   entry2.o
         4          0          0          0          0          0   entry5.o
         0          0          0          0          0          0   entry7b.o
         0          0          0          0          0          0   entry8b.o
         8          4          0          0          0          0   entry9a.o
        20         10          0          4          0        136   errno.o
        30          0          0          0          0          0   handlers.o
        36          8          0          0          0         68   init.o
         0          0          0          0          0          0   iusefp.o
        30          0          0          0          0         68   llshl.o
        36          0          0          0          0         68   llsshr.o
        32          0          0          0          0         68   llushr.o
       148         10         12          0         44         76   localtime.o
        36          0          0          0          0         68   memcpya.o
        36          0          0          0          0        108   memseta.o
      2308         96          0          0          0        604   printfa.o
         0          0          0          4          0          0   stdout.o
        20          0          0          0          0         68   strchr.o
        28          0          0          0          0         76   strcmp.o
        18          0          0          0          0         68   strcpy.o
        14          0          0          0          0         68   strlen.o
        30          0          0          0          0         80   strncmp.o
       112          0          0          0          0         88   strtol.o
        12          0          0          0          0         68   tolower.o
        44          0          0          0          0         80   uidiv.o
        98          0          0          0          0         92   uldiv.o
        48          0          0          0          0         68   cdcmple.o
        48          0          0          0          0         68   cdrcmple.o
       334          0          0          0          0        148   dadd.o
       222          0          0          0          0        100   ddiv.o
       186          0          0          0          0        176   depilogue.o
        62          0          0          0          0         80   dfixi.o
        50          0          0          0          0         76   dfixui.o
        48          0          0          0          0         68   dfixul.o
        34          0          0          0          0         76   dflti.o
        26          0          0          0          0         76   dfltui.o
       228          0          0          0          0         96   dmul.o
        46          0          0          0          0         80   dscalb.o
       162          0          0          0          0        100   dsqrt.o

    ----------------------------------------------------------------------
      8882        504        296          8         44       5272   Library Totals
        14          0          7          0          0          0   (incl. Padding)

    ----------------------------------------------------------------------

      Code (inc. data)   RO Data    RW Data    ZI Data      Debug   Library Name

      4046        368        144          0          0       1800   m_wm.l
      3328        136        145          8         44       2260   mc_w.l
      1494          0          0          0          0       1212   mf_w.l

    ----------------------------------------------------------------------
      8882        504        296          8         44       5272   Library Totals

    ----------------------------------------------------------------------

==============================================================================


      Code (inc. data)   RO Data    RW Data    ZI Data      Debug   

     35388       2610       9412        276      20780    1225406   Grand Totals
     35388       2610       9412        276      20780    1225406   ELF Image Totals
     35388       2610       9412        276          0          0   ROM Totals

==============================================================================

    Total RO  Size (Code + RO Data)                44800 (  43.75kB)
    Total RW  Size (RW Data + ZI Data)             21056 (  20.56kB)
    Total ROM Size (Code + RO Data + RW Data)      45076 (  44.02kB)

==============================================================================

